../Core/Src/stm32h7xx_hal_msp.c:65:6:HAL_MspInit	8	static
../Core/Src/stm32h7xx_hal_msp.c:86:6:HAL_FDCAN_MspInit	224	static
../Core/Src/stm32h7xx_hal_msp.c:133:6:HAL_FDCAN_MspDeInit	0	static
../Core/Src/stm32h7xx_hal_msp.c:162:6:HAL_SPI_MspInit	224	static
../Core/Src/stm32h7xx_hal_msp.c:210:6:HAL_SPI_MspDeInit	0	static
../Core/Src/stm32h7xx_hal_msp.c:240:6:HAL_TIM_Base_MspInit	24	static
../Core/Src/stm32h7xx_hal_msp.c:281:6:HAL_TIM_MspPostInit	40	static
../Core/Src/stm32h7xx_hal_msp.c:333:6:HAL_TIM_Base_MspDeInit	0	static
../Core/Src/stm32h7xx_hal_msp.c:380:6:HAL_UART_MspInit	224	static
../Core/Src/stm32h7xx_hal_msp.c:427:6:HAL_UART_MspDeInit	0	static
