Archive member included to satisfy reference by file (symbol)

c:/st/stm32cubeide_1.10.1/stm32cubeide/plugins/com.st.stm32cube.ide.mcu.externaltools.gnu-tools-for-stm32.10.3-2021.10.win32_1.0.0.202111181127/tools/bin/../lib/gcc/arm-none-eabi/10.3.1/../../../../arm-none-eabi/lib/thumb/v7e-m+dp/hard\libc_nano.a(lib_a-errno.o)
                              ./Core/Src/syscalls.o (__errno)
c:/st/stm32cubeide_1.10.1/stm32cubeide/plugins/com.st.stm32cube.ide.mcu.externaltools.gnu-tools-for-stm32.10.3-2021.10.win32_1.0.0.202111181127/tools/bin/../lib/gcc/arm-none-eabi/10.3.1/../../../../arm-none-eabi/lib/thumb/v7e-m+dp/hard\libc_nano.a(lib_a-exit.o)
                              c:/st/stm32cubeide_1.10.1/stm32cubeide/plugins/com.st.stm32cube.ide.mcu.externaltools.gnu-tools-for-stm32.10.3-2021.10.win32_1.0.0.202111181127/tools/bin/../lib/gcc/arm-none-eabi/10.3.1/../../../../arm-none-eabi/lib/thumb/v7e-m+dp/hard/crt0.o (exit)
c:/st/stm32cubeide_1.10.1/stm32cubeide/plugins/com.st.stm32cube.ide.mcu.externaltools.gnu-tools-for-stm32.10.3-2021.10.win32_1.0.0.202111181127/tools/bin/../lib/gcc/arm-none-eabi/10.3.1/../../../../arm-none-eabi/lib/thumb/v7e-m+dp/hard\libc_nano.a(lib_a-impure.o)
                              c:/st/stm32cubeide_1.10.1/stm32cubeide/plugins/com.st.stm32cube.ide.mcu.externaltools.gnu-tools-for-stm32.10.3-2021.10.win32_1.0.0.202111181127/tools/bin/../lib/gcc/arm-none-eabi/10.3.1/../../../../arm-none-eabi/lib/thumb/v7e-m+dp/hard\libc_nano.a(lib_a-exit.o) (_global_impure_ptr)
c:/st/stm32cubeide_1.10.1/stm32cubeide/plugins/com.st.stm32cube.ide.mcu.externaltools.gnu-tools-for-stm32.10.3-2021.10.win32_1.0.0.202111181127/tools/bin/../lib/gcc/arm-none-eabi/10.3.1/../../../../arm-none-eabi/lib/thumb/v7e-m+dp/hard\libc_nano.a(lib_a-init.o)
                              c:/st/stm32cubeide_1.10.1/stm32cubeide/plugins/com.st.stm32cube.ide.mcu.externaltools.gnu-tools-for-stm32.10.3-2021.10.win32_1.0.0.202111181127/tools/bin/../lib/gcc/arm-none-eabi/10.3.1/../../../../arm-none-eabi/lib/thumb/v7e-m+dp/hard/crt0.o (__libc_init_array)
c:/st/stm32cubeide_1.10.1/stm32cubeide/plugins/com.st.stm32cube.ide.mcu.externaltools.gnu-tools-for-stm32.10.3-2021.10.win32_1.0.0.202111181127/tools/bin/../lib/gcc/arm-none-eabi/10.3.1/../../../../arm-none-eabi/lib/thumb/v7e-m+dp/hard\libc_nano.a(lib_a-memcpy-stub.o)
                              ./Core/Src/MY_NRF24.o (memcpy)
c:/st/stm32cubeide_1.10.1/stm32cubeide/plugins/com.st.stm32cube.ide.mcu.externaltools.gnu-tools-for-stm32.10.3-2021.10.win32_1.0.0.202111181127/tools/bin/../lib/gcc/arm-none-eabi/10.3.1/../../../../arm-none-eabi/lib/thumb/v7e-m+dp/hard\libc_nano.a(lib_a-memset.o)
                              c:/st/stm32cubeide_1.10.1/stm32cubeide/plugins/com.st.stm32cube.ide.mcu.externaltools.gnu-tools-for-stm32.10.3-2021.10.win32_1.0.0.202111181127/tools/bin/../lib/gcc/arm-none-eabi/10.3.1/../../../../arm-none-eabi/lib/thumb/v7e-m+dp/hard/crt0.o (memset)
c:/st/stm32cubeide_1.10.1/stm32cubeide/plugins/com.st.stm32cube.ide.mcu.externaltools.gnu-tools-for-stm32.10.3-2021.10.win32_1.0.0.202111181127/tools/bin/../lib/gcc/arm-none-eabi/10.3.1/../../../../arm-none-eabi/lib/thumb/v7e-m+dp/hard\libc_nano.a(lib_a-printf.o)
                              ./Core/Src/main.o (printf)
c:/st/stm32cubeide_1.10.1/stm32cubeide/plugins/com.st.stm32cube.ide.mcu.externaltools.gnu-tools-for-stm32.10.3-2021.10.win32_1.0.0.202111181127/tools/bin/../lib/gcc/arm-none-eabi/10.3.1/../../../../arm-none-eabi/lib/thumb/v7e-m+dp/hard\libc_nano.a(lib_a-puts.o)
                              ./Core/Src/main.o (puts)
c:/st/stm32cubeide_1.10.1/stm32cubeide/plugins/com.st.stm32cube.ide.mcu.externaltools.gnu-tools-for-stm32.10.3-2021.10.win32_1.0.0.202111181127/tools/bin/../lib/gcc/arm-none-eabi/10.3.1/../../../../arm-none-eabi/lib/thumb/v7e-m+dp/hard\libc_nano.a(lib_a-snprintf.o)
                              ./Core/Src/main.o (snprintf)
c:/st/stm32cubeide_1.10.1/stm32cubeide/plugins/com.st.stm32cube.ide.mcu.externaltools.gnu-tools-for-stm32.10.3-2021.10.win32_1.0.0.202111181127/tools/bin/../lib/gcc/arm-none-eabi/10.3.1/../../../../arm-none-eabi/lib/thumb/v7e-m+dp/hard\libc_nano.a(lib_a-sprintf.o)
                              ./Core/Src/MY_NRF24.o (sprintf)
c:/st/stm32cubeide_1.10.1/stm32cubeide/plugins/com.st.stm32cube.ide.mcu.externaltools.gnu-tools-for-stm32.10.3-2021.10.win32_1.0.0.202111181127/tools/bin/../lib/gcc/arm-none-eabi/10.3.1/../../../../arm-none-eabi/lib/thumb/v7e-m+dp/hard\libc_nano.a(lib_a-strlen.o)
                              ./Core/Src/MY_NRF24.o (strlen)
c:/st/stm32cubeide_1.10.1/stm32cubeide/plugins/com.st.stm32cube.ide.mcu.externaltools.gnu-tools-for-stm32.10.3-2021.10.win32_1.0.0.202111181127/tools/bin/../lib/gcc/arm-none-eabi/10.3.1/../../../../arm-none-eabi/lib/thumb/v7e-m+dp/hard\libc_nano.a(lib_a-wbuf.o)
[...]
Memory Configuration

Name             Origin             Length             Attributes
RAM_D1           0x0000000024000000 0x0000000000080000 xrw
FLASH            0x0000000008000000 0x0000000000100000 xr
DTCMRAM          0x0000000020000000 0x0000000000020000 xrw
RAM_D2           0x0000000030000000 0x0000000000048000 xrw
RAM_D3           0x0000000038000000 0x0000000000010000 xrw
ITCMRAM          0x0000000000000000 0x0000000000010000 xrw
*default*        0x0000000000000000 0xffffffffffffffff

Linker script and memory map

LOAD c:/st/stm32cubeide_1.10.1/stm32cubeide/plugins/com.st.stm32cube.ide.mcu.externaltools.gnu-tools-for-stm32.10.3-2021.10.win32_1.0.0.202111181127/tools/bin/../lib/gcc/arm-none-eabi/10.3.1/thumb/v7e-m+dp/hard/crti.o
LOAD c:/st/stm32cubeide_1.10.1/stm32cubeide/plugins/com.st.stm32cube.ide.mcu.externaltools.gnu-tools-for-stm32.10.3-2021.10.win32_1.0.0.202111181127/tools/bin/../lib/gcc/arm-none-eabi/10.3.1/thumb/v7e-m+dp/hard/crtbegin.o
LOAD c:/st/stm32cubeide_1.10.1/stm32cubeide/plugins/com.st.stm32cube.ide.mcu.externaltools.gnu-tools-for-stm32.10.3-2021.10.win32_1.0.0.202111181127/tools/bin/../lib/gcc/arm-none-eabi/10.3.1/../../../../arm-none-eabi/lib/thumb/v7e-m+dp/hard/crt0.o
LOAD ./Common/Src/system_stm32h7xx_dualcore_boot_cm4_cm7.o
LOAD ./Core/Src/MY_NRF24.o
LOAD ./Core/Src/MotorController.o
LOAD ./Core/Src/main.o
LOAD ./Core/Src/mpu6050.o
LOAD ./Core/Src/myprintf.o
LOAD ./Core/Src/stm32h7xx_hal_msp.o
LOAD ./Core/Src/stm32h7xx_it.o
LOAD ./Core/Src/syscalls.o
LOAD ./Core/Src/sysmem.o
LOAD ./Core/Startup/startup_stm32h755zitx.o
LOAD ./Drivers/STM32H7xx_HAL_Driver/stm32h7xx_hal.o
LOAD ./Drivers/STM32H7xx_HAL_Driver/stm32h7xx_hal_cortex.o
LOAD ./Drivers/STM32H7xx_HAL_Driver/stm32h7xx_hal_dma.o
LOAD ./Drivers/STM32H7xx_HAL_Driver/stm32h7xx_hal_dma_ex.o
LOAD ./Drivers/STM32H7xx_HAL_Driver/stm32h7xx_hal_exti.o
LOAD ./Drivers/STM32H7xx_HAL_Driver/stm32h7xx_hal_fdcan.o
LOAD ./Drivers/STM32H7xx_HAL_Driver/stm32h7xx_hal_flash.o
LOAD ./Drivers/STM32H7xx_HAL_Driver/stm32h7xx_hal_flash_ex.o
LOAD ./Drivers/STM32H7xx_HAL_Driver/stm32h7xx_hal_gpio.o
LOAD ./Drivers/STM32H7xx_HAL_Driver/stm32h7xx_hal_hsem.o
LOAD ./Drivers/STM32H7xx_HAL_Driver/stm32h7xx_hal_i2c.o
LOAD ./Drivers/STM32H7xx_HAL_Driver/stm32h7xx_hal_i2c_ex.o
LOAD ./Drivers/STM32H7xx_HAL_Driver/stm32h7xx_hal_mdma.o
LOAD ./Drivers/STM32H7xx_HAL_Driver/stm32h7xx_hal_pwr.o
LOAD ./Drivers/STM32H7xx_HAL_Driver/stm32h7xx_hal_pwr_ex.o
LOAD ./Drivers/STM32H7xx_HAL_Driver/stm32h7xx_hal_rcc.o
LOAD ./Drivers/STM32H7xx_HAL_Driver/stm32h7xx_hal_rcc_ex.o
LOAD ./Drivers/STM32H7xx_HAL_Driver/stm32h7xx_hal_spi.o
LOAD ./Drivers/STM32H7xx_HAL_Driver/stm32h7xx_hal_spi_ex.o
LOAD ./Drivers/STM32H7xx_HAL_Driver/stm32h7xx_hal_tim.o
LOAD ./Drivers/STM32H7xx_HAL_Driver/stm32h7xx_hal_tim_ex.o
LOAD ./Drivers/STM32H7xx_HAL_Driver/stm32h7xx_hal_uart.o
LOAD ./Drivers/STM32H7xx_HAL_Driver/stm32h7xx_hal_uart_ex.o
START GROUP
LOAD c:/st/stm32cubeide_1.10.1/stm32cubeide/plugins/com.st.stm32cube.ide.mcu.externaltools.gnu-tools-for-stm32.10.3-2021.10.win32_1.0.0.202111181127/tools/bin/../lib/gcc/arm-none-eabi/10.3.1/../../../../arm-none-eabi/lib/thumb/v7e-m+dp/hard\libc_nano.a
LOAD c:/st/stm32cubeide_1.10.1/stm32cubeide/plugins/com.st.stm32cube.ide.mcu.externaltools.gnu-tools-for-stm32.10.3-2021.10.win32_1.0.0.202111181127/tools/bin/../lib/gcc/arm-none-eabi/10.3.1/../../../../arm-none-eabi/lib/thumb/v7e-m+dp/hard\libm.a
END GROUP
START GROUP
LOAD c:/st/stm32cubeide_1.10.1/stm32cubeide/plugins/com.st.stm32cube.ide.mcu.externaltools.gnu-tools-for-stm32.10.3-2021.10.win32_1.0.0.202111181127/tools/bin/../lib/gcc/arm-none-eabi/10.3.1/thumb/v7e-m+dp/hard\libgcc.a
LOAD c:/st/stm32cubeide_1.10.1/stm32cubeide/plugins/com.st.stm32cube.ide.mcu.externaltools.gnu-tools-for-stm32.10.3-2021.10.win32_1.0.0.202111181127/tools/bin/../lib/gcc/arm-none-eabi/10.3.1/../../../../arm-none-eabi/lib/thumb/v7e-m+dp/hard\libc_nano.a
END GROUP
START GROUP
LOAD c:/st/stm32cubeide_1.10.1/stm32cubeide/plugins/com.st.stm32cube.ide.mcu.externaltools.gnu-tools-for-stm32.10.3-2021.10.win32_1.0.0.202111181127/tools/bin/../lib/gcc/arm-none-eabi/10.3.1/thumb/v7e-m+dp/hard\libgcc.a
LOAD c:/st/stm32cubeide_1.10.1/stm32cubeide/plugins/com.st.stm32cube.ide.mcu.externaltools.gnu-tools-for-stm32.10.3-2021.10.win32_1.0.0.202111181127/tools/bin/../lib/gcc/arm-none-eabi/10.3.1/../../../../arm-none-eabi/lib/thumb/v7e-m+dp/hard\libc_nano.a
LOAD c:/st/stm32cubeide_1.10.1/stm32cubeide/plugins/com.st.stm32cube.ide.mcu.externaltools.gnu-tools-for-stm32.10.3-2021.10.win32_1.0.0.202111181127/tools/bin/../lib/gcc/arm-none-eabi/10.3.1/../../../../arm-none-eabi/lib/thumb/v7e-m+dp/hard\libnosys.a
END GROUP
START GROUP
LOAD c:/st/stm32cubeide_1.10.1/stm32cubeide/plugins/com.st.stm32cube.ide.mcu.externaltools.gnu-tools-for-stm32.10.3-2021.10.win32_1.0.0.202111181127/tools/bin/../lib/gcc/arm-none-eabi/10.3.1/thumb/v7e-m+dp/hard\libgcc.a
LOAD c:/st/stm32cubeide_1.10.1/stm32cubeide/plugins/com.st.stm32cube.ide.mcu.externaltools.gnu-tools-for-stm32.10.3-2021.10.win32_1.0.0.202111181127/tools/bin/../lib/gcc/arm-none-eabi/10.3.1/../../../../arm-none-eabi/lib/thumb/v7e-m+dp/hard\libc_nano.a
LOAD c:/st/stm32cubeide_1.10.1/stm32cubeide/plugins/com.st.stm32cube.ide.mcu.externaltools.gnu-tools-for-stm32.10.3-2021.10.win32_1.0.0.202111181127/tools/bin/../lib/gcc/arm-none-eabi/10.3.1/../../../../arm-none-eabi/lib/thumb/v7e-m+dp/hard\libnosys.a
END GROUP
LOAD c:/st/stm32cubeide_1.10.1/stm32cubeide/plugins/com.st.stm32cube.ide.mcu.externaltools.gnu-tools-for-stm32.10.3-2021.10.win32_1.0.0.202111181127/tools/bin/../lib/gcc/arm-none-eabi/10.3.1/thumb/v7e-m+dp/hard/crtend.o
LOAD c:/st/stm32cubeide_1.10.1/stm32cubeide/plugins/com.st.stm32cube.ide.mcu.externaltools.gnu-tools-for-stm32.10.3-2021.10.win32_1.0.0.202111181127/tools/bin/../lib/gcc/arm-none-eabi/10.3.1/thumb/v7e-m+dp/hard/crtn.o
                0x0000000024080000                _estack = (ORIGIN (RAM_D1) + LENGTH (RAM_D1))
                0x0000000000000200                _Min_Heap_Size = 0x200
                0x0000000000000400                _Min_Stack_Size = 0x400

.isr_vector     0x0000000008000000      0x298
                0x0000000008000000                . = ALIGN (0x4)
 *(.isr_vector)
 .isr_vector    0x0000000008000000      0x298 ./Core/Startup/startup_stm32h755zitx.o
                0x0000000008000000                g_pfnVectors
                0x0000000008000298                . = ALIGN (0x4)

.text           0x00000000080002a0     0xaae4
                0x00000000080002a0                . = ALIGN (0x4)
 *(.text)
 .text          0x00000000080002a0       0x40 c:/st/stm32cubeide_1.10.1/stm32cubeide/plugins/com.st.stm32cube.ide.mcu.externaltools.gnu-tools-for-stm32.10.3-2021.10.win32_1.0.0.202111181127/tools/bin/../lib/gcc/arm-none-eabi/10.3.1/thumb/v7e-m+dp/hard/crtbegin.o
 .text          0x00000000080002e0       0x10 c:/st/stm32cubeide_1.10.1/stm32cubeide/plugins/com.st.stm32cube.ide.mcu.externaltools.gnu-tools-for-stm32.10.3-2021.10.win32_1.0.0.202111181127/tools/bin/../lib/gcc/arm-none-eabi/10.3.1/../../../../arm-none-eabi/lib/thumb/v7e-m+dp/hard\libc_nano.a(lib_a-strlen.o)
                0x00000000080002e0                strlen
 .text          0x00000000080002f0       0xa0 c:/st/stm32cubeide_1.10.1/stm32cubeide/plugins/com.st.stm32cube.ide.mcu.externaltools.gnu-tools-for-stm32.10.3-2021.10.win32_1.0.0.202111181127/tools/bin/../lib/gcc/arm-none-eabi/10.3.1/../../../../arm-none-eabi/lib/thumb/v7e-m+dp/hard\libc_nano.a(lib_a-memchr.o)
                0x00000000080002f0                memchr
 .text          0x0000000008000390       0x30 c:/st/stm32cubeide_1.10.1/stm32cubeide/plugins/com.st.stm32cube.ide.mcu.externaltools.gnu-tools-for-stm32.10.3-2021.10.win32_1.0.0.202111181127/tools/bin/../lib/gcc/arm-none-eabi/10.3.1/thumb/v7e-m+dp/hard\libgcc.a(_aeabi_uldivmod.o)
                0x0000000008000390                __aeabi_uldivmod
 .text          0x00000000080003c0      0x2d0 c:/st/stm32cubeide_1.10.1/stm32cubeide/plugins/com.st.stm32cube.ide.mcu.externaltools.gnu-tools-for-stm32.10.3-2021.10.win32_1.0.0.202111181127/tools/bin/../lib/gcc/arm-none-eabi/10.3.1/thumb/v7e-m+dp/hard\libgcc.a(_udivmoddi4.o)
                0x00000000080003c0                __udivmoddi4
 .text          0x0000000008000690        0x4 c:/st/stm32cubeide_1.10.1/stm32cubeide/plugins/com.st.stm32cube.ide.mcu.externaltools.gnu-tools-for-stm32.10.3-2021.10.win32_1.0.0.202111181127/tools/bin/../lib/gcc/arm-none-eabi/10.3.1/thumb/v7e-m+dp/hard\libgcc.a(_dvmd_tls.o)
                0x0000000008000690                __aeabi_idiv0
                0x0000000008000690                __aeabi_ldiv0
 *(.text*)
 .text.SystemInit
                0x0000000008000694      0x12c ./Common/Src/system_stm32h7xx_dualcore_boot_cm4_cm7.o
                0x0000000008000694                SystemInit
 .text.NRF24_DelayMicroSeconds
                0x00000000080007c0       0x44 ./Core/Src/MY_NRF24.o
                0x00000000080007c0                NRF24_DelayMicroSeconds
 .text.NRF24_csn
                0x0000000008000804       0x40 ./Core/Src/MY_NRF24.o
                0x0000000008000804                NRF24_csn
 .text.NRF24_ce
                0x0000000008000844       0x40 ./Core/Src/MY_NRF24.o
                0x0000000008000844                NRF24_ce
 .text.NRF24_read_register
                0x0000000008000884       0x50 ./Core/Src/MY_NRF24.o
                0x0000000008000884                NRF24_read_register
 .text.NRF24_read_registerN
                0x00000000080008d4       0x50 ./Core/Src/MY_NRF24.o
                0x00000000080008d4                NRF24_read_registerN
 .text.NRF24_write_register
                0x0000000008000924       0x44 ./Core/Src/MY_NRF24.o
                0x0000000008000924                NRF24_write_register
 .text.NRF24_write_registerN
                0x0000000008000968       0x50 ./Core/Src/MY_NRF24.o
                0x0000000008000968                NRF24_write_registerN
 .text.NRF24_read_payload
                0x00000000080009b8       0x60 ./Core/Src/MY_NRF24.o
                0x00000000080009b8                NRF24_read_payload
 .text.NRF24_flush_tx
                0x0000000008000a18       0x10 ./Core/Src/MY_NRF24.o
                0x0000000008000a18                NRF24_flush_tx
 .text.NRF24_flush_rx
                0x0000000008000a28       0x10 ./Core/Src/MY_NRF24.o
                0x0000000008000a28                NRF24_flush_rx
 .text.NRF24_get_status
                0x0000000008000a38       0x1a ./Core/Src/MY_NRF24.o
                0x0000000008000a38                NRF24_get_status
 *fill*         0x0000000008000a52        0x2 
 .text.NRF24_begin
                0x0000000008000a54      0x1c0 ./Core/Src/MY_NRF24.o
                0x0000000008000a54                NRF24_begin
 .text.NRF24_startListening
                0x0000000008000c14       0x4c ./Core/Src/MY_NRF24.o
                0x0000000008000c14                NRF24_startListening
 .text.NRF24_available
                0x0000000008000c60       0x10 ./Core/Src/MY_NRF24.o
                0x0000000008000c60                NRF24_available
 .text.NRF24_read
                0x0000000008000c70       0x40 ./Core/Src/MY_NRF24.o
                0x0000000008000c70                NRF24_read
 .text.NRF24_openReadingPipe
                0x0000000008000cb0       0x9c ./Core/Src/MY_NRF24.o
                0x0000000008000cb0                NRF24_openReadingPipe
 .text.NRF24_setRetries
                0x0000000008000d4c       0x36 ./Core/Src/MY_NRF24.o
                0x0000000008000d4c                NRF24_setRetries
 .text.NRF24_setChannel
                0x0000000008000d82       0x2a ./Core/Src/MY_NRF24.o
                0x0000000008000d82                NRF24_setChannel
 .text.NRF24_setPayloadSize
                0x0000000008000dac       0x30 ./Core/Src/MY_NRF24.o
                0x0000000008000dac                NRF24_setPayloadSize
 .text.NRF24_getPayloadSize
                0x0000000008000ddc       0x18 ./Core/Src/MY_NRF24.o
                0x0000000008000ddc                NRF24_getPayloadSize
 .text.NRF24_getDynamicPayloadSize
                0x0000000008000df4       0x10 ./Core/Src/MY_NRF24.o
                0x0000000008000df4                NRF24_getDynamicPayloadSize
 .text.NRF24_enableAckPayload
                0x0000000008000e04       0x5a ./Core/Src/MY_NRF24.o
                0x0000000008000e04                NRF24_enableAckPayload
 *fill*         0x0000000008000e5e        0x2 
 .text.NRF24_enableDynamicPayloads
                0x0000000008000e60       0x64 ./Core/Src/MY_NRF24.o
                0x0000000008000e60                NRF24_enableDynamicPayloads
 .text.NRF24_disableDynamicPayloads
                0x0000000008000ec4       0x30 ./Core/Src/MY_NRF24.o
                0x0000000008000ec4                NRF24_disableDynamicPayloads
 .text.NRF24_setAutoAck
                0x0000000008000ef4       0x2a ./Core/Src/MY_NRF24.o
                0x0000000008000ef4                NRF24_setAutoAck
 .text.NRF24_setPALevel
                0x0000000008000f1e       0x72 ./Core/Src/MY_NRF24.o
                0x0000000008000f1e                NRF24_setPALevel
 .text.NRF24_setDataRate
                0x0000000008000f90       0x8c ./Core/Src/MY_NRF24.o
                0x0000000008000f90                NRF24_setDataRate
 .text.NRF24_setCRCLength
                0x000000000800101c       0x50 ./Core/Src/MY_NRF24.o
                0x000000000800101c                NRF24_setCRCLength
 .text.NRF24_powerDown
                0x000000000800106c       0x1e ./Core/Src/MY_NRF24.o
                0x000000000800106c                NRF24_powerDown
 .text.NRF24_availablePipe
                0x000000000800108a       0x60 ./Core/Src/MY_NRF24.o
                0x000000000800108a                NRF24_availablePipe
 .text.NRF24_writeAckPayload
                0x00000000080010ea       0x54 ./Core/Src/MY_NRF24.o
                0x00000000080010ea                NRF24_writeAckPayload
 .text.NRF24_resetStatus
                0x000000000800113e       0x10 ./Core/Src/MY_NRF24.o
                0x000000000800113e                NRF24_resetStatus
 *fill*         0x000000000800114e        0x2 
 .text.NRF24_ACTIVATE_cmd
                0x0000000008001150       0x34 ./Core/Src/MY_NRF24.o
                0x0000000008001150                NRF24_ACTIVATE_cmd
 .text.printRadioSettings
                0x0000000008001184      0x850 ./Core/Src/MY_NRF24.o
                0x0000000008001184                printRadioSettings
 .text.nrf24_DebugUART_Init
                0x00000000080019d4       0x30 ./Core/Src/MY_NRF24.o
                0x00000000080019d4                nrf24_DebugUART_Init
 .text.main     0x0000000008001a04      0x2c0 ./Core/Src/main.o
                0x0000000008001a04                main
 .text.SystemClock_Config
                0x0000000008001cc4       0xfc ./Core/Src/main.o
                0x0000000008001cc4                SystemClock_Config
 .text.MX_FDCAN1_Init
                0x0000000008001dc0      0x174 ./Core/Src/main.o
 .text.MX_SPI5_Init
                0x0000000008001f34       0xac ./Core/Src/main.o
 .text.MX_TIM13_Init
                0x0000000008001fe0       0x9c ./Core/Src/main.o
 .text.MX_TIM14_Init
                0x000000000800207c       0x9c ./Core/Src/main.o
 .text.MX_TIM15_Init
                0x0000000008002118       0xa4 ./Core/Src/main.o
 .text.MX_USART3_UART_Init
                0x00000000080021bc       0x98 ./Core/Src/main.o
 .text.MX_GPIO_Init
                0x0000000008002254      0x130 ./Core/Src/main.o
 .text.parseMessage
                0x0000000008002384       0x86 ./Core/Src/main.o
                0x0000000008002384                parseMessage
 *fill*         0x000000000800240a        0x2 
 .text.Turning_SetAngle
                0x000000000800240c       0xac ./Core/Src/main.o
 .text.MotorSetSpeed
                0x00000000080024b8       0x80 ./Core/Src/main.o
 .text.Error_Handler
                0x0000000008002538        0xa ./Core/Src/main.o
                0x0000000008002538                Error_Handler
 *fill*         0x0000000008002542        0x2 
 .text.__io_putchar
                0x0000000008002544       0x24 ./Core/Src/myprintf.o
                0x0000000008002544                __io_putchar
 .text.HAL_MspInit
                0x0000000008002568       0x34 ./Core/Src/stm32h7xx_hal_msp.o
                0x0000000008002568                HAL_MspInit
 .text.HAL_FDCAN_MspInit
                0x000000000800259c       0xf4 ./Core/Src/stm32h7xx_hal_msp.o
                0x000000000800259c                HAL_FDCAN_MspInit
 .text.HAL_SPI_MspInit
                0x0000000008002690       0xcc ./Core/Src/stm32h7xx_hal_msp.o
                0x0000000008002690                HAL_SPI_MspInit
 .text.HAL_TIM_Base_MspInit
                0x000000000800275c       0xac ./Core/Src/stm32h7xx_hal_msp.o
                0x000000000800275c                HAL_TIM_Base_MspInit
 .text.HAL_TIM_MspPostInit
                0x0000000008002808       0xc4 ./Core/Src/stm32h7xx_hal_msp.o
                0x0000000008002808                HAL_TIM_MspPostInit
 .text.HAL_UART_MspInit
                0x00000000080028cc       0xcc ./Core/Src/stm32h7xx_hal_msp.o
                0x00000000080028cc                HAL_UART_MspInit
 .text.NMI_Handler
                0x0000000008002998        0x6 ./Core/Src/stm32h7xx_it.o
                0x0000000008002998                NMI_Handler
 .text.HardFault_Handler
                0x000000000800299e        0x6 ./Core/Src/stm32h7xx_it.o
                0x000000000800299e                HardFault_Handler
 .text.MemManage_Handler
                0x00000000080029a4        0x6 ./Core/Src/stm32h7xx_it.o
                0x00000000080029a4                MemManage_Handler
 .text.BusFault_Handler
                0x00000000080029aa        0x6 ./Core/Src/stm32h7xx_it.o
                0x00000000080029aa                BusFault_Handler
 .text.UsageFault_Handler
                0x00000000080029b0        0x6 ./Core/Src/stm32h7xx_it.o
                0x00000000080029b0                UsageFault_Handler
 .text.SVC_Handler
                0x00000000080029b6        0xe ./Core/Src/stm32h7xx_it.o
                0x00000000080029b6                SVC_Handler
 .text.DebugMon_Handler
                0x00000000080029c4        0xe ./Core/Src/stm32h7xx_it.o
                0x00000000080029c4                DebugMon_Handler
 .text.PendSV_Handler
                0x00000000080029d2        0xe ./Core/Src/stm32h7xx_it.o
                0x00000000080029d2                PendSV_Handler
 .text.SysTick_Handler
                0x00000000080029e0        0xc ./Core/Src/stm32h7xx_it.o
                0x00000000080029e0                SysTick_Handler
 .text.TIM15_IRQHandler
                0x00000000080029ec       0x14 ./Core/Src/stm32h7xx_it.o
                0x00000000080029ec                TIM15_IRQHandler
 .text._read    0x0000000008002a00       0x3a ./Core/Src/syscalls.o
                0x0000000008002a00                _read
 .text._write   0x0000000008002a3a       0x38 ./Core/Src/syscalls.o
                0x0000000008002a3a                _write
 .text._close   0x0000000008002a72       0x18 ./Core/Src/syscalls.o
                0x0000000008002a72                _close
 .text._fstat   0x0000000008002a8a       0x20 ./Core/Src/syscalls.o
                0x0000000008002a8a                _fstat
 .text._isatty  0x0000000008002aaa       0x16 ./Core/Src/syscalls.o
                0x0000000008002aaa                _isatty
 .text._lseek   0x0000000008002ac0       0x1a ./Core/Src/syscalls.o
                0x0000000008002ac0                _lseek
 *fill*         0x0000000008002ada        0x2 
 .text._sbrk    0x0000000008002adc       0x6c ./Core/Src/sysmem.o
                0x0000000008002adc                _sbrk
 .text.Reset_Handler
                0x0000000008002b48       0x50 ./Core/Startup/startup_stm32h755zitx.o
                0x0000000008002b48                Reset_Handler
 .text.Default_Handler
                0x0000000008002b98        0x2 ./Core/Startup/startup_stm32h755zitx.o
                0x0000000008002b98                RTC_Alarm_IRQHandler
                0x0000000008002b98                HASH_RNG_IRQHandler
                0x0000000008002b98                EXTI2_IRQHandler
                0x0000000008002b98                TIM8_CC_IRQHandler
                0x0000000008002b98                HRTIM1_Master_IRQHandler
                0x0000000008002b98                UART8_IRQHandler
                0x0000000008002b98                SPI4_IRQHandler
                0x0000000008002b98                TIM1_CC_IRQHandler
                0x0000000008002b98                BDMA_Channel6_IRQHandler
                0x0000000008002b98                DMA2_Stream5_IRQHandler
                0x0000000008002b98                HRTIM1_FLT_IRQHandler
                0x0000000008002b98                JPEG_IRQHandler
                0x0000000008002b98                DMA1_Stream5_IRQHandler
                0x0000000008002b98                BDMA_Channel1_IRQHandler
                0x0000000008002b98                HRTIM1_TIMD_IRQHandler
                0x0000000008002b98                TAMP_STAMP_IRQHandler
                0x0000000008002b98                EXTI3_IRQHandler
                0x0000000008002b98                LPTIM4_IRQHandler
                0x0000000008002b98                TIM8_TRG_COM_TIM14_IRQHandler
                0x0000000008002b98                LPTIM2_IRQHandler
                0x0000000008002b98                DFSDM1_FLT1_IRQHandler
                0x0000000008002b98                DMAMUX2_OVR_IRQHandler
                0x0000000008002b98                TIM8_UP_TIM13_IRQHandler
                0x0000000008002b98                I2C3_ER_IRQHandler
                0x0000000008002b98                DFSDM1_FLT2_IRQHandler
                0x0000000008002b98                MDMA_IRQHandler
                0x0000000008002b98                LPTIM3_IRQHandler
                0x0000000008002b98                HSEM1_IRQHandler
                0x0000000008002b98                EXTI0_IRQHandler
                0x0000000008002b98                I2C2_EV_IRQHandler
                0x0000000008002b98                DMA1_Stream2_IRQHandler
                0x0000000008002b98                FPU_IRQHandler
                0x0000000008002b98                OTG_HS_WKUP_IRQHandler
                0x0000000008002b98                FDCAN1_IT1_IRQHandler
                0x0000000008002b98                LTDC_ER_IRQHandler
                0x0000000008002b98                DMA2_Stream2_IRQHandler
                0x0000000008002b98                HRTIM1_TIME_IRQHandler
                0x0000000008002b98                SPI1_IRQHandler
                0x0000000008002b98                TIM6_DAC_IRQHandler
                0x0000000008002b98                DCMI_IRQHandler
                0x0000000008002b98                HRTIM1_TIMC_IRQHandler
                0x0000000008002b98                DMA2_Stream3_IRQHandler
                0x0000000008002b98                SAI2_IRQHandler
                0x0000000008002b98                DFSDM1_FLT3_IRQHandler
                0x0000000008002b98                USART6_IRQHandler
                0x0000000008002b98                TIM17_IRQHandler
                0x0000000008002b98                USART3_IRQHandler
                0x0000000008002b98                BDMA_Channel7_IRQHandler
                0x0000000008002b98                CRYP_IRQHandler
                0x0000000008002b98                LPTIM5_IRQHandler
                0x0000000008002b98                UART5_IRQHandler
                0x0000000008002b98                ADC3_IRQHandler
                0x0000000008002b98                DMA2_Stream0_IRQHandler
                0x0000000008002b98                TIM4_IRQHandler
                0x0000000008002b98                BDMA_Channel2_IRQHandler
                0x0000000008002b98                QUADSPI_IRQHandler
                0x0000000008002b98                I2C1_EV_IRQHandler
                0x0000000008002b98                DMA1_Stream6_IRQHandler
                0x0000000008002b98                DMAMUX1_OVR_IRQHandler
                0x0000000008002b98                DMA1_Stream1_IRQHandler
                0x0000000008002b98                TIM16_IRQHandler
                0x0000000008002b98                UART4_IRQHandler
                0x0000000008002b98                BDMA_Channel5_IRQHandler
                0x0000000008002b98                TIM3_IRQHandler
                0x0000000008002b98                RCC_IRQHandler
                0x0000000008002b98                TIM8_BRK_TIM12_IRQHandler
                0x0000000008002b98                TIM1_TRG_COM_IRQHandler
                0x0000000008002b98                Default_Handler
                0x0000000008002b98                ECC_IRQHandler
                0x0000000008002b98                CEC_IRQHandler
                0x0000000008002b98                EXTI15_10_IRQHandler
                0x0000000008002b98                BDMA_Channel0_IRQHandler
                0x0000000008002b98                ADC_IRQHandler
                0x0000000008002b98                DMA1_Stream7_IRQHandler
                0x0000000008002b98                HRTIM1_TIMA_IRQHandler
                0x0000000008002b98                SPI5_IRQHandler
                0x0000000008002b98                TIM7_IRQHandler
                0x0000000008002b98                SDMMC1_IRQHandler
                0x0000000008002b98                TIM5_IRQHandler
                0x0000000008002b98                DMA2_Stream7_IRQHandler
                0x0000000008002b98                PVD_AVD_IRQHandler
                0x0000000008002b98                I2C3_EV_IRQHandler
                0x0000000008002b98                EXTI9_5_IRQHandler
                0x0000000008002b98                RTC_WKUP_IRQHandler
                0x0000000008002b98                LTDC_IRQHandler
                0x0000000008002b98                SAI3_IRQHandler
                0x0000000008002b98                ETH_WKUP_IRQHandler
                0x0000000008002b98                SPDIF_RX_IRQHandler
                0x0000000008002b98                SPI2_IRQHandler
                0x0000000008002b98                OTG_HS_EP1_IN_IRQHandler
                0x0000000008002b98                DMA1_Stream0_IRQHandler
                0x0000000008002b98                CRS_IRQHandler
                0x0000000008002b98                CM7_SEV_IRQHandler
                0x0000000008002b98                EXTI4_IRQHandler
                0x0000000008002b98                CM4_SEV_IRQHandler
                0x0000000008002b98                HRTIM1_TIMB_IRQHandler
                0x0000000008002b98                FDCAN2_IT1_IRQHandler
                0x0000000008002b98                ETH_IRQHandler
                0x0000000008002b98                TIM1_UP_IRQHandler
                0x0000000008002b98                WWDG_RST_IRQHandler
                0x0000000008002b98                BDMA_Channel4_IRQHandler
                0x0000000008002b98                OTG_HS_EP1_OUT_IRQHandler
                0x0000000008002b98                WWDG_IRQHandler
                0x0000000008002b98                SPI6_IRQHandler
                0x0000000008002b98                MDIOS_IRQHandler
                0x0000000008002b98                I2C4_EV_IRQHandler
                0x0000000008002b98                FDCAN2_IT0_IRQHandler
                0x0000000008002b98                LPUART1_IRQHandler
                0x0000000008002b98                FDCAN1_IT0_IRQHandler
                0x0000000008002b98                TIM2_IRQHandler
                0x0000000008002b98                OTG_FS_WKUP_IRQHandler
                0x0000000008002b98                OTG_HS_IRQHandler
                0x0000000008002b98                HSEM2_IRQHandler
                0x0000000008002b98                DMA2D_IRQHandler
                0x0000000008002b98                TIM1_BRK_IRQHandler
                0x0000000008002b98                EXTI1_IRQHandler
                0x0000000008002b98                SDMMC2_IRQHandler
                0x0000000008002b98                OTG_FS_EP1_OUT_IRQHandler
                0x0000000008002b98                BDMA_Channel3_IRQHandler
                0x0000000008002b98                HOLD_CORE_IRQHandler
                0x0000000008002b98                UART7_IRQHandler
                0x0000000008002b98                MDIOS_WKUP_IRQHandler
                0x0000000008002b98                USART2_IRQHandler
                0x0000000008002b98                DFSDM1_FLT0_IRQHandler
                0x0000000008002b98                SAI4_IRQHandler
                0x0000000008002b98                I2C2_ER_IRQHandler
                0x0000000008002b98                DMA2_Stream1_IRQHandler
                0x0000000008002b98                FLASH_IRQHandler
                0x0000000008002b98                DMA2_Stream4_IRQHandler
                0x0000000008002b98                USART1_IRQHandler
                0x0000000008002b98                OTG_FS_IRQHandler
                0x0000000008002b98                SPI3_IRQHandler
                0x0000000008002b98                WAKEUP_PIN_IRQHandler
                0x0000000008002b98                DMA1_Stream4_IRQHandler
                0x0000000008002b98                OTG_FS_EP1_IN_IRQHandler
                0x0000000008002b98                I2C1_ER_IRQHandler
                0x0000000008002b98                FMC_IRQHandler
                0x0000000008002b98                FDCAN_CAL_IRQHandler
                0x0000000008002b98                SWPMI1_IRQHandler
                0x0000000008002b98                COMP1_IRQHandler
                0x0000000008002b98                LPTIM1_IRQHandler
                0x0000000008002b98                I2C4_ER_IRQHandler
                0x0000000008002b98                DMA2_Stream6_IRQHandler
                0x0000000008002b98                SAI1_IRQHandler
                0x0000000008002b98                DMA1_Stream3_IRQHandler
 *fill*         0x0000000008002b9a        0x2 
 .text.HAL_Init
                0x0000000008002b9c       0x78 ./Drivers/STM32H7xx_HAL_Driver/stm32h7xx_hal.o
                0x0000000008002b9c                HAL_Init
 .text.HAL_InitTick
                0x0000000008002c14       0x6c ./Drivers/STM32H7xx_HAL_Driver/stm32h7xx_hal.o
                0x0000000008002c14                HAL_InitTick
 .text.HAL_IncTick
                0x0000000008002c80       0x28 ./Drivers/STM32H7xx_HAL_Driver/stm32h7xx_hal.o
                0x0000000008002c80                HAL_IncTick
 .text.HAL_GetTick
                0x0000000008002ca8       0x18 ./Drivers/STM32H7xx_HAL_Driver/stm32h7xx_hal.o
                0x0000000008002ca8                HAL_GetTick
 .text.HAL_Delay
                0x0000000008002cc0       0x48 ./Drivers/STM32H7xx_HAL_Driver/stm32h7xx_hal.o
                0x0000000008002cc0                HAL_Delay
 .text.HAL_GetREVID
                0x0000000008002d08       0x18 ./Drivers/STM32H7xx_HAL_Driver/stm32h7xx_hal.o
                0x0000000008002d08                HAL_GetREVID
 .text.__NVIC_SetPriorityGrouping
                0x0000000008002d20       0x48 ./Drivers/STM32H7xx_HAL_Driver/stm32h7xx_hal_cortex.o
 .text.__NVIC_GetPriorityGrouping
                0x0000000008002d68       0x1c ./Drivers/STM32H7xx_HAL_Driver/stm32h7xx_hal_cortex.o
 .text.__NVIC_EnableIRQ
                0x0000000008002d84       0x3c ./Drivers/STM32H7xx_HAL_Driver/stm32h7xx_hal_cortex.o
 .text.__NVIC_SetPriority
                0x0000000008002dc0       0x54 ./Drivers/STM32H7xx_HAL_Driver/stm32h7xx_hal_cortex.o
 .text.NVIC_EncodePriority
                0x0000000008002e14       0x66 ./Drivers/STM32H7xx_HAL_Driver/stm32h7xx_hal_cortex.o
 *fill*         0x0000000008002e7a        0x2 
 .text.SysTick_Config
                0x0000000008002e7c       0x44 ./Drivers/STM32H7xx_HAL_Driver/stm32h7xx_hal_cortex.o
 .text.HAL_NVIC_SetPriorityGrouping
                0x0000000008002ec0       0x16 ./Drivers/STM32H7xx_HAL_Driver/stm32h7xx_hal_cortex.o
                0x0000000008002ec0                HAL_NVIC_SetPriorityGrouping
 .text.HAL_NVIC_SetPriority
                0x0000000008002ed6       0x34 ./Drivers/STM32H7xx_HAL_Driver/stm32h7xx_hal_cortex.o
                0x0000000008002ed6                HAL_NVIC_SetPriority
 .text.HAL_NVIC_EnableIRQ
                0x0000000008002f0a       0x1c ./Drivers/STM32H7xx_HAL_Driver/stm32h7xx_hal_cortex.o
                0x0000000008002f0a                HAL_NVIC_EnableIRQ
 .text.HAL_SYSTICK_Config
                0x0000000008002f26       0x18 ./Drivers/STM32H7xx_HAL_Driver/stm32h7xx_hal_cortex.o
                0x0000000008002f26                HAL_SYSTICK_Config
 *fill*         0x0000000008002f3e        0x2 
 .text.HAL_FDCAN_Init
                0x0000000008002f40      0x3bc ./Drivers/STM32H7xx_HAL_Driver/stm32h7xx_hal_fdcan.o
                0x0000000008002f40                HAL_FDCAN_Init
 .text.HAL_FDCAN_ConfigFilter
                0x00000000080032fc       0xec ./Drivers/STM32H7xx_HAL_Driver/stm32h7xx_hal_fdcan.o
                0x00000000080032fc                HAL_FDCAN_ConfigFilter
 .text.HAL_FDCAN_ConfigGlobalFilter
                0x00000000080033e8       0x5a ./Drivers/STM32H7xx_HAL_Driver/stm32h7xx_hal_fdcan.o
                0x00000000080033e8                HAL_FDCAN_ConfigGlobalFilter
 .text.HAL_FDCAN_Start
                0x0000000008003442       0x56 ./Drivers/STM32H7xx_HAL_Driver/stm32h7xx_hal_fdcan.o
                0x0000000008003442                HAL_FDCAN_Start
 .text.HAL_FDCAN_ActivateNotification
                0x0000000008003498       0xf4 ./Drivers/STM32H7xx_HAL_Driver/stm32h7xx_hal_fdcan.o
                0x0000000008003498                HAL_FDCAN_ActivateNotification
 .text.FDCAN_CalcultateRamBlockAddresses
                0x000000000800358c      0x30c ./Drivers/STM32H7xx_HAL_Driver/stm32h7xx_hal_fdcan.o
 .text.HAL_GPIO_Init
                0x0000000008003898      0x360 ./Drivers/STM32H7xx_HAL_Driver/stm32h7xx_hal_gpio.o
                0x0000000008003898                HAL_GPIO_Init
 .text.HAL_GPIO_WritePin
                0x0000000008003bf8       0x32 ./Drivers/STM32H7xx_HAL_Driver/stm32h7xx_hal_gpio.o
                0x0000000008003bf8                HAL_GPIO_WritePin
 *fill*         0x0000000008003c2a        0x2 
 .text.HAL_HSEM_FastTake
                0x0000000008003c2c       0x34 ./Drivers/STM32H7xx_HAL_Driver/stm32h7xx_hal_hsem.o
                0x0000000008003c2c                HAL_HSEM_FastTake
 .text.HAL_HSEM_Release
                0x0000000008003c60       0x28 ./Drivers/STM32H7xx_HAL_Driver/stm32h7xx_hal_hsem.o
                0x0000000008003c60                HAL_HSEM_Release
 .text.HAL_PWREx_ConfigSupply
                0x0000000008003c88       0xb4 ./Drivers/STM32H7xx_HAL_Driver/stm32h7xx_hal_pwr_ex.o
                0x0000000008003c88                HAL_PWREx_ConfigSupply
 .text.HAL_RCC_OscConfig
                0x0000000008003d3c      0x85c ./Drivers/STM32H7xx_HAL_Driver/stm32h7xx_hal_rcc.o
                0x0000000008003d3c                HAL_RCC_OscConfig
 .text.HAL_RCC_ClockConfig
                0x0000000008004598      0x36c ./Drivers/STM32H7xx_HAL_Driver/stm32h7xx_hal_rcc.o
                0x0000000008004598                HAL_RCC_ClockConfig
 .text.HAL_RCC_GetSysClockFreq
                0x0000000008004904      0x2f4 ./Drivers/STM32H7xx_HAL_Driver/stm32h7xx_hal_rcc.o
                0x0000000008004904                HAL_RCC_GetSysClockFreq
 .text.HAL_RCC_GetHCLKFreq
                0x0000000008004bf8       0x60 ./Drivers/STM32H7xx_HAL_Driver/stm32h7xx_hal_rcc.o
                0x0000000008004bf8                HAL_RCC_GetHCLKFreq
 .text.HAL_RCC_GetPCLK1Freq
                0x0000000008004c58       0x2c ./Drivers/STM32H7xx_HAL_Driver/stm32h7xx_hal_rcc.o
                0x0000000008004c58                HAL_RCC_GetPCLK1Freq
 .text.HAL_RCC_GetPCLK2Freq
                0x0000000008004c84       0x2c ./Drivers/STM32H7xx_HAL_Driver/stm32h7xx_hal_rcc.o
                0x0000000008004c84                HAL_RCC_GetPCLK2Freq
 .text.HAL_RCCEx_PeriphCLKConfig
                0x0000000008004cb0      0xe8c ./Drivers/STM32H7xx_HAL_Driver/stm32h7xx_hal_rcc_ex.o
                0x0000000008004cb0                HAL_RCCEx_PeriphCLKConfig
 .text.HAL_RCCEx_GetD3PCLK1Freq
                0x0000000008005b3c       0x2c ./Drivers/STM32H7xx_HAL_Driver/stm32h7xx_hal_rcc_ex.o
                0x0000000008005b3c                HAL_RCCEx_GetD3PCLK1Freq
 .text.HAL_RCCEx_GetPLL2ClockFreq
                0x0000000008005b68      0x2a8 ./Drivers/STM32H7xx_HAL_Driver/stm32h7xx_hal_rcc_ex.o
                0x0000000008005b68                HAL_RCCEx_GetPLL2ClockFreq
 .text.HAL_RCCEx_GetPLL3ClockFreq
                0x0000000008005e10      0x2a8 ./Drivers/STM32H7xx_HAL_Driver/stm32h7xx_hal_rcc_ex.o
                0x0000000008005e10                HAL_RCCEx_GetPLL3ClockFreq
 .text.RCCEx_PLL2_Config
                0x00000000080060b8      0x164 ./Drivers/STM32H7xx_HAL_Driver/stm32h7xx_hal_rcc_ex.o
 .text.RCCEx_PLL3_Config
                0x000000000800621c      0x164 ./Drivers/STM32H7xx_HAL_Driver/stm32h7xx_hal_rcc_ex.o
 .text.HAL_SPI_Init
                0x0000000008006380      0x20c ./Drivers/STM32H7xx_HAL_Driver/stm32h7xx_hal_spi.o
                0x0000000008006380                HAL_SPI_Init
 .text.HAL_SPI_Transmit
                0x000000000800658c      0x3e4 ./Drivers/STM32H7xx_HAL_Driver/stm32h7xx_hal_spi.o
                0x000000000800658c                HAL_SPI_Transmit
 .text.HAL_SPI_Receive
                0x0000000008006970      0x338 ./Drivers/STM32H7xx_HAL_Driver/stm32h7xx_hal_spi.o
                0x0000000008006970                HAL_SPI_Receive
 .text.HAL_SPI_TransmitReceive
                0x0000000008006ca8      0x450 ./Drivers/STM32H7xx_HAL_Driver/stm32h7xx_hal_spi.o
                0x0000000008006ca8                HAL_SPI_TransmitReceive
 .text.SPI_CloseTransfer
                0x00000000080070f8      0x140 ./Drivers/STM32H7xx_HAL_Driver/stm32h7xx_hal_spi.o
 .text.SPI_WaitOnFlagUntilTimeout
                0x0000000008007238       0x5c ./Drivers/STM32H7xx_HAL_Driver/stm32h7xx_hal_spi.o
 .text.SPI_GetPacketSize
                0x0000000008007294       0x36 ./Drivers/STM32H7xx_HAL_Driver/stm32h7xx_hal_spi.o
 .text.HAL_TIM_Base_Init
                0x00000000080072ca       0xae ./Drivers/STM32H7xx_HAL_Driver/stm32h7xx_hal_tim.o
                0x00000000080072ca                HAL_TIM_Base_Init
 .text.HAL_TIM_PWM_Init
                0x0000000008007378       0xae ./Drivers/STM32H7xx_HAL_Driver/stm32h7xx_hal_tim.o
                0x0000000008007378                HAL_TIM_PWM_Init
 .text.HAL_TIM_PWM_MspInit
                0x0000000008007426       0x14 ./Drivers/STM32H7xx_HAL_Driver/stm32h7xx_hal_tim.o
                0x0000000008007426                HAL_TIM_PWM_MspInit
 *fill*         0x000000000800743a        0x2 
 .text.HAL_TIM_PWM_Start
                0x000000000800743c      0x21c ./Drivers/STM32H7xx_HAL_Driver/stm32h7xx_hal_tim.o
                0x000000000800743c                HAL_TIM_PWM_Start
 .text.HAL_TIM_IRQHandler
                0x0000000008007658      0x23e ./Drivers/STM32H7xx_HAL_Driver/stm32h7xx_hal_tim.o
                0x0000000008007658                HAL_TIM_IRQHandler
 *fill*         0x0000000008007896        0x2 
 .text.HAL_TIM_PWM_ConfigChannel
                0x0000000008007898      0x228 ./Drivers/STM32H7xx_HAL_Driver/stm32h7xx_hal_tim.o
                0x0000000008007898                HAL_TIM_PWM_ConfigChannel
 .text.HAL_TIM_ConfigClockSource
                0x0000000008007ac0      0x1f0 ./Drivers/STM32H7xx_HAL_Driver/stm32h7xx_hal_tim.o
                0x0000000008007ac0                HAL_TIM_ConfigClockSource
 .text.HAL_TIM_PeriodElapsedCallback
                0x0000000008007cb0       0x14 ./Drivers/STM32H7xx_HAL_Driver/stm32h7xx_hal_tim.o
                0x0000000008007cb0                HAL_TIM_PeriodElapsedCallback
 .text.HAL_TIM_OC_DelayElapsedCallback
                0x0000000008007cc4       0x14 ./Drivers/STM32H7xx_HAL_Driver/stm32h7xx_hal_tim.o
                0x0000000008007cc4                HAL_TIM_OC_DelayElapsedCallback
 .text.HAL_TIM_IC_CaptureCallback
                0x0000000008007cd8       0x14 ./Drivers/STM32H7xx_HAL_Driver/stm32h7xx_hal_tim.o
                0x0000000008007cd8                HAL_TIM_IC_CaptureCallback
 .text.HAL_TIM_PWM_PulseFinishedCallback
                0x0000000008007cec       0x14 ./Drivers/STM32H7xx_HAL_Driver/stm32h7xx_hal_tim.o
                0x0000000008007cec                HAL_TIM_PWM_PulseFinishedCallback
 .text.HAL_TIM_TriggerCallback
                0x0000000008007d00       0x14 ./Drivers/STM32H7xx_HAL_Driver/stm32h7xx_hal_tim.o
                0x0000000008007d00                HAL_TIM_TriggerCallback
 .text.TIM_Base_SetConfig
                0x0000000008007d14      0x134 ./Drivers/STM32H7xx_HAL_Driver/stm32h7xx_hal_tim.o
                0x0000000008007d14                TIM_Base_SetConfig
 .text.TIM_OC1_SetConfig
                0x0000000008007e48      0x120 ./Drivers/STM32H7xx_HAL_Driver/stm32h7xx_hal_tim.o
 .text.TIM_OC2_SetConfig
                0x0000000008007f68      0x114 ./Drivers/STM32H7xx_HAL_Driver/stm32h7xx_hal_tim.o
                0x0000000008007f68                TIM_OC2_SetConfig
 .text.TIM_OC3_SetConfig
                0x000000000800807c      0x110 ./Drivers/STM32H7xx_HAL_Driver/stm32h7xx_hal_tim.o
 .text.TIM_OC4_SetConfig
                0x000000000800818c       0xd4 ./Drivers/STM32H7xx_HAL_Driver/stm32h7xx_hal_tim.o
 .text.TIM_OC5_SetConfig
                0x0000000008008260       0xc8 ./Drivers/STM32H7xx_HAL_Driver/stm32h7xx_hal_tim.o
 .text.TIM_OC6_SetConfig
                0x0000000008008328       0xcc ./Drivers/STM32H7xx_HAL_Driver/stm32h7xx_hal_tim.o
 .text.TIM_TI1_ConfigInputStage
                0x00000000080083f4       0x5e ./Drivers/STM32H7xx_HAL_Driver/stm32h7xx_hal_tim.o
 .text.TIM_TI2_ConfigInputStage
                0x0000000008008452       0x60 ./Drivers/STM32H7xx_HAL_Driver/stm32h7xx_hal_tim.o
 *fill*         0x00000000080084b2        0x2 
 .text.TIM_ITRx_SetConfig
                0x00000000080084b4       0x3c ./Drivers/STM32H7xx_HAL_Driver/stm32h7xx_hal_tim.o
 .text.TIM_ETR_SetConfig
                0x00000000080084f0       0x40 ./Drivers/STM32H7xx_HAL_Driver/stm32h7xx_hal_tim.o
                0x00000000080084f0                TIM_ETR_SetConfig
 .text.TIM_CCxChannelCmd
                0x0000000008008530       0x4a ./Drivers/STM32H7xx_HAL_Driver/stm32h7xx_hal_tim.o
                0x0000000008008530                TIM_CCxChannelCmd
 *fill*         0x000000000800857a        0x2 
 .text.HAL_TIMEx_MasterConfigSynchronization
                0x000000000800857c      0x11c ./Drivers/STM32H7xx_HAL_Driver/stm32h7xx_hal_tim_ex.o
                0x000000000800857c                HAL_TIMEx_MasterConfigSynchronization
 .text.HAL_TIMEx_CommutCallback
                0x0000000008008698       0x14 ./Drivers/STM32H7xx_HAL_Driver/stm32h7xx_hal_tim_ex.o
                0x0000000008008698                HAL_TIMEx_CommutCallback
 .text.HAL_TIMEx_BreakCallback
                0x00000000080086ac       0x14 ./Drivers/STM32H7xx_HAL_Driver/stm32h7xx_hal_tim_ex.o
                0x00000000080086ac                HAL_TIMEx_BreakCallback
 .text.HAL_TIMEx_Break2Callback
                0x00000000080086c0       0x14 ./Drivers/STM32H7xx_HAL_Driver/stm32h7xx_hal_tim_ex.o
                0x00000000080086c0                HAL_TIMEx_Break2Callback
 .text.HAL_UART_Init
                0x00000000080086d4       0xa0 ./Drivers/STM32H7xx_HAL_Driver/stm32h7xx_hal_uart.o
                0x00000000080086d4                HAL_UART_Init
 .text.HAL_UART_Transmit
                0x0000000008008774      0x12c ./Drivers/STM32H7xx_HAL_Driver/stm32h7xx_hal_uart.o
                0x0000000008008774                HAL_UART_Transmit
 .text.UART_SetConfig
                0x00000000080088a0      0xad0 ./Drivers/STM32H7xx_HAL_Driver/stm32h7xx_hal_uart.o
                0x00000000080088a0                UART_SetConfig
 .text.UART_AdvFeatureConfig
                0x0000000008009370      0x144 ./Drivers/STM32H7xx_HAL_Driver/stm32h7xx_hal_uart.o
                0x0000000008009370                UART_AdvFeatureConfig
 .text.UART_CheckIdleState
                0x00000000080094b4       0x96 ./Drivers/STM32H7xx_HAL_Driver/stm32h7xx_hal_uart.o
                0x00000000080094b4                UART_CheckIdleState
 .text.UART_WaitOnFlagUntilTimeout
                0x000000000800954a      0x190 ./Drivers/STM32H7xx_HAL_Driver/stm32h7xx_hal_uart.o
                0x000000000800954a                UART_WaitOnFlagUntilTimeout
 .text.HAL_UARTEx_DisableFifoMode
                0x00000000080096da       0x72 ./Drivers/STM32H7xx_HAL_Driver/stm32h7xx_hal_uart_ex.o
                0x00000000080096da                HAL_UARTEx_DisableFifoMode
 .text.HAL_UARTEx_SetTxFifoThreshold
                0x000000000800974c       0x7c ./Drivers/STM32H7xx_HAL_Driver/stm32h7xx_hal_uart_ex.o
                0x000000000800974c                HAL_UARTEx_SetTxFifoThreshold
 .text.HAL_UARTEx_SetRxFifoThreshold
                0x00000000080097c8       0x7c ./Drivers/STM32H7xx_HAL_Driver/stm32h7xx_hal_uart_ex.o
                0x00000000080097c8                HAL_UARTEx_SetRxFifoThreshold
 .text.UARTEx_SetNbDataToProcess
                0x0000000008009844       0x9c ./Drivers/STM32H7xx_HAL_Driver/stm32h7xx_hal_uart_ex.o
 .text.__errno  0x00000000080098e0        0xc c:/st/stm32cubeide_1.10.1/stm32cubeide/plugins/com.st.stm32cube.ide.mcu.externaltools.gnu-tools-for-stm32.10.3-2021.10.win32_1.0.0.202111181127/tools/bin/../lib/gcc/arm-none-eabi/10.3.1/../../../../arm-none-eabi/lib/thumb/v7e-m+dp/hard\libc_nano.a(lib_a-errno.o)
                0x00000000080098e0                __errno
 .text.__libc_init_array
                0x00000000080098ec       0x48 c:/st/stm32cubeide_1.10.1/stm32cubeide/plugins/com.st.stm32cube.ide.mcu.externaltools.gnu-tools-for-stm32.10.3-2021.10.win32_1.0.0.202111181127/tools/bin/../lib/gcc/arm-none-eabi/10.3.1/../../../../arm-none-eabi/lib/thumb/v7e-m+dp/hard\libc_nano.a(lib_a-init.o)
                0x00000000080098ec                __libc_init_array
 .text.memcpy   0x0000000008009934       0x1c c:/st/stm32cubeide_1.10.1/stm32cubeide/plugins/com.st.stm32cube.ide.mcu.externaltools.gnu-tools-for-stm32.10.3-2021.10.win32_1.0.0.202111181127/tools/bin/../lib/gcc/arm-none-eabi/10.3.1/../../../../arm-none-eabi/lib/thumb/v7e-m+dp/hard\libc_nano.a(lib_a-memcpy-stub.o)
                0x0000000008009934                memcpy
 .text.memset   0x0000000008009950       0x10 c:/st/stm32cubeide_1.10.1/stm32cubeide/plugins/com.st.stm32cube.ide.mcu.externaltools.gnu-tools-for-stm32.10.3-2021.10.win32_1.0.0.202111181127/tools/bin/../lib/gcc/arm-none-eabi/10.3.1/../../../../arm-none-eabi/lib/thumb/v7e-m+dp/hard\libc_nano.a(lib_a-memset.o)
                0x0000000008009950                memset
 .text.printf   0x0000000008009960       0x30 c:/st/stm32cubeide_1.10.1/stm32cubeide/plugins/com.st.stm32cube.ide.mcu.externaltools.gnu-tools-for-stm32.10.3-2021.10.win32_1.0.0.202111181127/tools/bin/../lib/gcc/arm-none-eabi/10.3.1/../../../../arm-none-eabi/lib/thumb/v7e-m+dp/hard\libc_nano.a(lib_a-printf.o)
                0x0000000008009960                iprintf
                0x0000000008009960                printf
 .text._puts_r  0x0000000008009990       0xdc c:/st/stm32cubeide_1.10.1/stm32cubeide/plugins/com.st.stm32cube.ide.mcu.externaltools.gnu-tools-for-stm32.10.3-2021.10.win32_1.0.0.202111181127/tools/bin/../lib/gcc/arm-none-eabi/10.3.1/../../../../arm-none-eabi/lib/thumb/v7e-m+dp/hard\libc_nano.a(lib_a-puts.o)
                0x0000000008009990                _puts_r
 .text.puts     0x0000000008009a6c       0x10 c:/st/stm32cubeide_1.10.1/stm32cubeide/plugins/com.st.stm32cube.ide.mcu.externaltools.gnu-tools-for-stm32.10.3-2021.10.win32_1.0.0.202111181127/tools/bin/../lib/gcc/arm-none-eabi/10.3.1/../../../../arm-none-eabi/lib/thumb/v7e-m+dp/hard\libc_nano.a(lib_a-puts.o)
                0x0000000008009a6c                puts
 .text.snprintf
                0x0000000008009a7c       0x68 c:/st/stm32cubeide_1.10.1/stm32cubeide/plugins/com.st.stm32cube.ide.mcu.externaltools.gnu-tools-for-stm32.10.3-2021.10.win32_1.0.0.202111181127/tools/bin/../lib/gcc/arm-none-eabi/10.3.1/../../../../arm-none-eabi/lib/thumb/v7e-m+dp/hard\libc_nano.a(lib_a-snprintf.o)
                0x0000000008009a7c                sniprintf
                0x0000000008009a7c                snprintf
 .text.sprintf  0x0000000008009ae4       0x40 c:/st/stm32cubeide_1.10.1/stm32cubeide/plugins/com.st.stm32cube.ide.mcu.externaltools.gnu-tools-for-stm32.10.3-2021.10.win32_1.0.0.202111181127/tools/bin/../lib/gcc/arm-none-eabi/10.3.1/../../../../arm-none-eabi/lib/thumb/v7e-m+dp/hard\libc_nano.a(lib_a-sprintf.o)
                0x0000000008009ae4                siprintf
                0x0000000008009ae4                sprintf
 .text.__swbuf_r
                0x0000000008009b24       0xa4 c:/st/stm32cubeide_1.10.1/stm32cubeide/plugins/com.st.stm32cube.ide.mcu.externaltools.gnu-tools-for-stm32.10.3-2021.10.win32_1.0.0.202111181127/tools/bin/../lib/gcc/arm-none-eabi/10.3.1/../../../../arm-none-eabi/lib/thumb/v7e-m+dp/hard\libc_nano.a(lib_a-wbuf.o)
                0x0000000008009b24                __swbuf_r
 .text.__swsetup_r
                0x0000000008009bc8       0xdc c:/st/stm32cubeide_1.10.1/stm32cubeide/plugins/com.st.stm32cube.ide.mcu.externaltools.gnu-tools-for-stm32.10.3-2021.10.win32_1.0.0.202111181127/tools/bin/../lib/gcc/arm-none-eabi/10.3.1/../../../../arm-none-eabi/lib/thumb/v7e-m+dp/hard\libc_nano.a(lib_a-wsetup.o)
                0x0000000008009bc8                __swsetup_r
 .text.__sflush_r
                0x0000000008009ca4      0x10c c:/st/stm32cubeide_1.10.1/stm32cubeide/plugins/com.st.stm32cube.ide.mcu.externaltools.gnu-tools-for-stm32.10.3-2021.10.win32_1.0.0.202111181127/tools/bin/../lib/gcc/arm-none-eabi/10.3.1/../../../../arm-none-eabi/lib/thumb/v7e-m+dp/hard\libc_nano.a(lib_a-fflush.o)
                0x0000000008009ca4                __sflush_r
 .text._fflush_r
                0x0000000008009db0       0x78 c:/st/stm32cubeide_1.10.1/stm32cubeide/plugins/com.st.stm32cube.ide.mcu.externaltools.gnu-tools-for-stm32.10.3-2021.10.win32_1.0.0.202111181127/tools/bin/../lib/gcc/arm-none-eabi/10.3.1/../../../../arm-none-eabi/lib/thumb/v7e-m+dp/hard\libc_nano.a(lib_a-fflush.o)
                0x0000000008009db0                _fflush_r
 .text.std      0x0000000008009e28       0x48 c:/st/stm32cubeide_1.10.1/stm32cubeide/plugins/com.st.stm32cube.ide.mcu.externaltools.gnu-tools-for-stm32.10.3-2021.10.win32_1.0.0.202111181127/tools/bin/../lib/gcc/arm-none-eabi/10.3.1/../../../../arm-none-eabi/lib/thumb/v7e-m+dp/hard\libc_nano.a(lib_a-findfp.o)
 .text._cleanup_r
                0x0000000008009e70        0xc c:/st/stm32cubeide_1.10.1/stm32cubeide/plugins/com.st.stm32cube.ide.mcu.externaltools.gnu-tools-for-stm32.10.3-2021.10.win32_1.0.0.202111181127/tools/bin/../lib/gcc/arm-none-eabi/10.3.1/../../../../arm-none-eabi/lib/thumb/v7e-m+dp/hard\libc_nano.a(lib_a-findfp.o)
                0x0000000008009e70                _cleanup_r
 .text.__sfmoreglue
                0x0000000008009e7c       0x2c c:/st/stm32cubeide_1.10.1/stm32cubeide/plugins/com.st.stm32cube.ide.mcu.externaltools.gnu-tools-for-stm32.10.3-2021.10.win32_1.0.0.202111181127/tools/bin/../lib/gcc/arm-none-eabi/10.3.1/../../../../arm-none-eabi/lib/thumb/v7e-m+dp/hard\libc_nano.a(lib_a-findfp.o)
                0x0000000008009e7c                __sfmoreglue
 .text.__sfp_lock_acquire
                0x0000000008009ea8        0xc c:/st/stm32cubeide_1.10.1/stm32cubeide/plugins/com.st.stm32cube.ide.mcu.externaltools.gnu-tools-for-stm32.10.3-2021.10.win32_1.0.0.202111181127/tools/bin/../lib/gcc/arm-none-eabi/10.3.1/../../../../arm-none-eabi/lib/thumb/v7e-m+dp/hard\libc_nano.a(lib_a-findfp.o)
                0x0000000008009ea8                __sfp_lock_acquire
 .text.__sfp_lock_release
                0x0000000008009eb4        0xc c:/st/stm32cubeide_1.10.1/stm32cubeide/plugins/com.st.stm32cube.ide.mcu.externaltools.gnu-tools-for-stm32.10.3-2021.10.win32_1.0.0.202111181127/tools/bin/../lib/gcc/arm-none-eabi/10.3.1/../../../../arm-none-eabi/lib/thumb/v7e-m+dp/hard\libc_nano.a(lib_a-findfp.o)
                0x0000000008009eb4                __sfp_lock_release
 .text.__sinit_lock_acquire
                0x0000000008009ec0        0xc c:/st/stm32cubeide_1.10.1/stm32cubeide/plugins/com.st.stm32cube.ide.mcu.externaltools.gnu-tools-for-stm32.10.3-2021.10.win32_1.0.0.202111181127/tools/bin/../lib/gcc/arm-none-eabi/10.3.1/../../../../arm-none-eabi/lib/thumb/v7e-m+dp/hard\libc_nano.a(lib_a-findfp.o)
                0x0000000008009ec0                __sinit_lock_acquire
 .text.__sinit_lock_release
                0x0000000008009ecc        0xc c:/st/stm32cubeide_1.10.1/stm32cubeide/plugins/com.st.stm32cube.ide.mcu.externaltools.gnu-tools-for-stm32.10.3-2021.10.win32_1.0.0.202111181127/tools/bin/../lib/gcc/arm-none-eabi/10.3.1/../../../../arm-none-eabi/lib/thumb/v7e-m+dp/hard\libc_nano.a(lib_a-findfp.o)
                0x0000000008009ecc                __sinit_lock_release
 .text.__sinit  0x0000000008009ed8       0x70 c:/st/stm32cubeide_1.10.1/stm32cubeide/plugins/com.st.stm32cube.ide.mcu.externaltools.gnu-tools-for-stm32.10.3-2021.10.win32_1.0.0.202111181127/tools/bin/../lib/gcc/arm-none-eabi/10.3.1/../../../../arm-none-eabi/lib/thumb/v7e-m+dp/hard\libc_nano.a(lib_a-findfp.o)
                0x0000000008009ed8                __sinit
 .text.__sfp    0x0000000008009f48       0x8c c:/st/stm32cubeide_1.10.1/stm32cubeide/plugins/com.st.stm32cube.ide.mcu.externaltools.gnu-tools-for-stm32.10.3-2021.10.win32_1.0.0.202111181127/tools/bin/../lib/gcc/arm-none-eabi/10.3.1/../../../../arm-none-eabi/lib/thumb/v7e-m+dp/hard\libc_nano.a(lib_a-findfp.o)
                0x0000000008009f48                __sfp
 .text._fwalk_reent
                0x0000000008009fd4       0x3e c:/st/stm32cubeide_1.10.1/stm32cubeide/plugins/com.st.stm32cube.ide.mcu.externaltools.gnu-tools-for-stm32.10.3-2021.10.win32_1.0.0.202111181127/tools/bin/../lib/gcc/arm-none-eabi/10.3.1/../../../../arm-none-eabi/lib/thumb/v7e-m+dp/hard\libc_nano.a(lib_a-fwalk.o)
                0x0000000008009fd4                _fwalk_reent
 .text.__retarget_lock_init_recursive
                0x000000000800a012        0x2 c:/st/stm32cubeide_1.10.1/stm32cubeide/plugins/com.st.stm32cube.ide.mcu.externaltools.gnu-tools-for-stm32.10.3-2021.10.win32_1.0.0.202111181127/tools/bin/../lib/gcc/arm-none-eabi/10.3.1/../../../../arm-none-eabi/lib/thumb/v7e-m+dp/hard\libc_nano.a(lib_a-lock.o)
                0x000000000800a012                __retarget_lock_init_recursive
 .text.__retarget_lock_acquire_recursive
                0x000000000800a014        0x2 c:/st/stm32cubeide_1.10.1/stm32cubeide/plugins/com.st.stm32cube.ide.mcu.externaltools.gnu-tools-for-stm32.10.3-2021.10.win32_1.0.0.202111181127/tools/bin/../lib/gcc/arm-none-eabi/10.3.1/../../../../arm-none-eabi/lib/thumb/v7e-m+dp/hard\libc_nano.a(lib_a-lock.o)
                0x000000000800a014                __retarget_lock_acquire_recursive
 .text.__retarget_lock_release_recursive
                0x000000000800a016        0x2 c:/st/stm32cubeide_1.10.1/stm32cubeide/plugins/com.st.stm32cube.ide.mcu.externaltools.gnu-tools-for-stm32.10.3-2021.10.win32_1.0.0.202111181127/tools/bin/../lib/gcc/arm-none-eabi/10.3.1/../../../../arm-none-eabi/lib/thumb/v7e-m+dp/hard\libc_nano.a(lib_a-lock.o)
                0x000000000800a016                __retarget_lock_release_recursive
 .text.__swhatbuf_r
                0x000000000800a018       0x4a c:/st/stm32cubeide_1.10.1/stm32cubeide/plugins/com.st.stm32cube.ide.mcu.externaltools.gnu-tools-for-stm32.10.3-2021.10.win32_1.0.0.202111181127/tools/bin/../lib/gcc/arm-none-eabi/10.3.1/../../../../arm-none-eabi/lib/thumb/v7e-m+dp/hard\libc_nano.a(lib_a-makebuf.o)
                0x000000000800a018                __swhatbuf_r
 *fill*         0x000000000800a062        0x2 
 .text.__smakebuf_r
                0x000000000800a064       0x80 c:/st/stm32cubeide_1.10.1/stm32cubeide/plugins/com.st.stm32cube.ide.mcu.externaltools.gnu-tools-for-stm32.10.3-2021.10.win32_1.0.0.202111181127/tools/bin/../lib/gcc/arm-none-eabi/10.3.1/../../../../arm-none-eabi/lib/thumb/v7e-m+dp/hard\libc_nano.a(lib_a-makebuf.o)
                0x000000000800a064                __smakebuf_r
 .text._free_r  0x000000000800a0e4       0x98 c:/st/stm32cubeide_1.10.1/stm32cubeide/plugins/com.st.stm32cube.ide.mcu.externaltools.gnu-tools-for-stm32.10.3-2021.10.win32_1.0.0.202111181127/tools/bin/../lib/gcc/arm-none-eabi/10.3.1/../../../../arm-none-eabi/lib/thumb/v7e-m+dp/hard\libc_nano.a(lib_a-nano-freer.o)
                0x000000000800a0e4                _free_r
 .text.sbrk_aligned
                0x000000000800a17c       0x40 c:/st/stm32cubeide_1.10.1/stm32cubeide/plugins/com.st.stm32cube.ide.mcu.externaltools.gnu-tools-for-stm32.10.3-2021.10.win32_1.0.0.202111181127/tools/bin/../lib/gcc/arm-none-eabi/10.3.1/../../../../arm-none-eabi/lib/thumb/v7e-m+dp/hard\libc_nano.a(lib_a-nano-mallocr.o)
 .text._malloc_r
                0x000000000800a1bc       0xe8 c:/st/stm32cubeide_1.10.1/stm32cubeide/plugins/com.st.stm32cube.ide.mcu.externaltools.gnu-tools-for-stm32.10.3-2021.10.win32_1.0.0.202111181127/tools/bin/../lib/gcc/arm-none-eabi/10.3.1/../../../../arm-none-eabi/lib/thumb/v7e-m+dp/hard\libc_nano.a(lib_a-nano-mallocr.o)
                0x000000000800a1bc                _malloc_r
 .text.__ssputs_r
                0x000000000800a2a4       0xb6 c:/st/stm32cubeide_1.10.1/stm32cubeide/plugins/com.st.stm32cube.ide.mcu.externaltools.gnu-tools-for-stm32.10.3-2021.10.win32_1.0.0.202111181127/tools/bin/../lib/gcc/arm-none-eabi/10.3.1/../../../../arm-none-eabi/lib/thumb/v7e-m+dp/hard\libc_nano.a(lib_a-nano-svfprintf.o)
                0x000000000800a2a4                __ssputs_r
 *fill*         0x000000000800a35a        0x2 
 .text._svfprintf_r
                0x000000000800a35c      0x200 c:/st/stm32cubeide_1.10.1/stm32cubeide/plugins/com.st.stm32cube.ide.mcu.externaltools.gnu-tools-for-stm32.10.3-2021.10.win32_1.0.0.202111181127/tools/bin/../lib/gcc/arm-none-eabi/10.3.1/../../../../arm-none-eabi/lib/thumb/v7e-m+dp/hard\libc_nano.a(lib_a-nano-svfprintf.o)
                0x000000000800a35c                _svfiprintf_r
                0x000000000800a35c                _svfprintf_r
 .text.__sfputc_r
                0x000000000800a55c       0x2e c:/st/stm32cubeide_1.10.1/stm32cubeide/plugins/com.st.stm32cube.ide.mcu.externaltools.gnu-tools-for-stm32.10.3-2021.10.win32_1.0.0.202111181127/tools/bin/../lib/gcc/arm-none-eabi/10.3.1/../../../../arm-none-eabi/lib/thumb/v7e-m+dp/hard\libc_nano.a(lib_a-nano-vfprintf.o)
 .text.__sfputs_r
                0x000000000800a58a       0x24 c:/st/stm32cubeide_1.10.1/stm32cubeide/plugins/com.st.stm32cube.ide.mcu.externaltools.gnu-tools-for-stm32.10.3-2021.10.win32_1.0.0.202111181127/tools/bin/../lib/gcc/arm-none-eabi/10.3.1/../../../../arm-none-eabi/lib/thumb/v7e-m+dp/hard\libc_nano.a(lib_a-nano-vfprintf.o)
                0x000000000800a58a                __sfputs_r
 *fill*         0x000000000800a5ae        0x2 
 .text._vfprintf_r
                0x000000000800a5b0      0x260 c:/st/stm32cubeide_1.10.1/stm32cubeide/plugins/com.st.stm32cube.ide.mcu.externaltools.gnu-tools-for-stm32.10.3-2021.10.win32_1.0.0.202111181127/tools/bin/../lib/gcc/arm-none-eabi/10.3.1/../../../../arm-none-eabi/lib/thumb/v7e-m+dp/hard\libc_nano.a(lib_a-nano-vfprintf.o)
                0x000000000800a5b0                _vfprintf_r
                0x000000000800a5b0                _vfiprintf_r
 .text._printf_common
                0x000000000800a810       0xda c:/st/stm32cubeide_1.10.1/stm32cubeide/plugins/com.st.stm32cube.ide.mcu.externaltools.gnu-tools-for-stm32.10.3-2021.10.win32_1.0.0.202111181127/tools/bin/../lib/gcc/arm-none-eabi/10.3.1/../../../../arm-none-eabi/lib/thumb/v7e-m+dp/hard\libc_nano.a(lib_a-nano-vfprintf_i.o)
                0x000000000800a810                _printf_common
 *fill*         0x000000000800a8ea        0x2 
 .text._printf_i
                0x000000000800a8ec      0x24c c:/st/stm32cubeide_1.10.1/stm32cubeide/plugins/com.st.stm32cube.ide.mcu.externaltools.gnu-tools-for-stm32.10.3-2021.10.win32_1.0.0.202111181127/tools/bin/../lib/gcc/arm-none-eabi/10.3.1/../../../../arm-none-eabi/lib/thumb/v7e-m+dp/hard\libc_nano.a(lib_a-nano-vfprintf_i.o)
                0x000000000800a8ec                _printf_i
 .text._sbrk_r  0x000000000800ab38       0x20 c:/st/stm32cubeide_1.10.1/stm32cubeide/plugins/com.st.stm32cube.ide.mcu.externaltools.gnu-tools-for-stm32.10.3-2021.10.win32_1.0.0.202111181127/tools/bin/../lib/gcc/arm-none-eabi/10.3.1/../../../../arm-none-eabi/lib/thumb/v7e-m+dp/hard\libc_nano.a(lib_a-sbrkr.o)
                0x000000000800ab38                _sbrk_r
 .text.__sread  0x000000000800ab58       0x22 c:/st/stm32cubeide_1.10.1/stm32cubeide/plugins/com.st.stm32cube.ide.mcu.externaltools.gnu-tools-for-stm32.10.3-2021.10.win32_1.0.0.202111181127/tools/bin/../lib/gcc/arm-none-eabi/10.3.1/../../../../arm-none-eabi/lib/thumb/v7e-m+dp/hard\libc_nano.a(lib_a-stdio.o)
                0x000000000800ab58                __sread
 .text.__swrite
                0x000000000800ab7a       0x38 c:/st/stm32cubeide_1.10.1/stm32cubeide/plugins/com.st.stm32cube.ide.mcu.externaltools.gnu-tools-for-stm32.10.3-2021.10.win32_1.0.0.202111181127/tools/bin/../lib/gcc/arm-none-eabi/10.3.1/../../../../arm-none-eabi/lib/thumb/v7e-m+dp/hard\libc_nano.a(lib_a-stdio.o)
                0x000000000800ab7a                __swrite
 .text.__sseek  0x000000000800abb2       0x24 c:/st/stm32cubeide_1.10.1/stm32cubeide/plugins/com.st.stm32cube.ide.mcu.externaltools.gnu-tools-for-stm32.10.3-2021.10.win32_1.0.0.202111181127/tools/bin/../lib/gcc/arm-none-eabi/10.3.1/../../../../arm-none-eabi/lib/thumb/v7e-m+dp/hard\libc_nano.a(lib_a-stdio.o)
                0x000000000800abb2                __sseek
 .text.__sclose
                0x000000000800abd6        0x8 c:/st/stm32cubeide_1.10.1/stm32cubeide/plugins/com.st.stm32cube.ide.mcu.externaltools.gnu-tools-for-stm32.10.3-2021.10.win32_1.0.0.202111181127/tools/bin/../lib/gcc/arm-none-eabi/10.3.1/../../../../arm-none-eabi/lib/thumb/v7e-m+dp/hard\libc_nano.a(lib_a-stdio.o)
                0x000000000800abd6                __sclose
 *fill*         0x000000000800abde        0x2 
 .text._write_r
                0x000000000800abe0       0x24 c:/st/stm32cubeide_1.10.1/stm32cubeide/plugins/com.st.stm32cube.ide.mcu.externaltools.gnu-tools-for-stm32.10.3-2021.10.win32_1.0.0.202111181127/tools/bin/../lib/gcc/arm-none-eabi/10.3.1/../../../../arm-none-eabi/lib/thumb/v7e-m+dp/hard\libc_nano.a(lib_a-writer.o)
                0x000000000800abe0                _write_r
 .text._close_r
                0x000000000800ac04       0x20 c:/st/stm32cubeide_1.10.1/stm32cubeide/plugins/com.st.stm32cube.ide.mcu.externaltools.gnu-tools-for-stm32.10.3-2021.10.win32_1.0.0.202111181127/tools/bin/../lib/gcc/arm-none-eabi/10.3.1/../../../../arm-none-eabi/lib/thumb/v7e-m+dp/hard\libc_nano.a(lib_a-closer.o)
                0x000000000800ac04                _close_r
 .text._fstat_r
                0x000000000800ac24       0x24 c:/st/stm32cubeide_1.10.1/stm32cubeide/plugins/com.st.stm32cube.ide.mcu.externaltools.gnu-tools-for-stm32.10.3-2021.10.win32_1.0.0.202111181127/tools/bin/../lib/gcc/arm-none-eabi/10.3.1/../../../../arm-none-eabi/lib/thumb/v7e-m+dp/hard\libc_nano.a(lib_a-fstatr.o)
                0x000000000800ac24                _fstat_r
 .text._isatty_r
                0x000000000800ac48       0x20 c:/st/stm32cubeide_1.10.1/stm32cubeide/plugins/com.st.stm32cube.ide.mcu.externaltools.gnu-tools-for-stm32.10.3-2021.10.win32_1.0.0.202111181127/tools/bin/../lib/gcc/arm-none-eabi/10.3.1/../../../../arm-none-eabi/lib/thumb/v7e-m+dp/hard\libc_nano.a(lib_a-isattyr.o)
                0x000000000800ac48                _isatty_r
 .text._lseek_r
                0x000000000800ac68       0x24 c:/st/stm32cubeide_1.10.1/stm32cubeide/plugins/com.st.stm32cube.ide.mcu.externaltools.gnu-tools-for-stm32.10.3-2021.10.win32_1.0.0.202111181127/tools/bin/../lib/gcc/arm-none-eabi/10.3.1/../../../../arm-none-eabi/lib/thumb/v7e-m+dp/hard\libc_nano.a(lib_a-lseekr.o)
                0x000000000800ac68                _lseek_r
 .text.memmove  0x000000000800ac8c       0x34 c:/st/stm32cubeide_1.10.1/stm32cubeide/plugins/com.st.stm32cube.ide.mcu.externaltools.gnu-tools-for-stm32.10.3-2021.10.win32_1.0.0.202111181127/tools/bin/../lib/gcc/arm-none-eabi/10.3.1/../../../../arm-none-eabi/lib/thumb/v7e-m+dp/hard\libc_nano.a(lib_a-memmove.o)
                0x000000000800ac8c                memmove
 .text.__malloc_lock
                0x000000000800acc0        0xc c:/st/stm32cubeide_1.10.1/stm32cubeide/plugins/com.st.stm32cube.ide.mcu.externaltools.gnu-tools-for-stm32.10.3-2021.10.win32_1.0.0.202111181127/tools/bin/../lib/gcc/arm-none-eabi/10.3.1/../../../../arm-none-eabi/lib/thumb/v7e-m+dp/hard\libc_nano.a(lib_a-mlock.o)
                0x000000000800acc0                __malloc_lock
 .text.__malloc_unlock
                0x000000000800accc        0xc c:/st/stm32cubeide_1.10.1/stm32cubeide/plugins/com.st.stm32cube.ide.mcu.externaltools.gnu-tools-for-stm32.10.3-2021.10.win32_1.0.0.202111181127/tools/bin/../lib/gcc/arm-none-eabi/10.3.1/../../../../arm-none-eabi/lib/thumb/v7e-m+dp/hard\libc_nano.a(lib_a-mlock.o)
                0x000000000800accc                __malloc_unlock
 .text._realloc_r
                0x000000000800acd8       0x5e c:/st/stm32cubeide_1.10.1/stm32cubeide/plugins/com.st.stm32cube.ide.mcu.externaltools.gnu-tools-for-stm32.10.3-2021.10.win32_1.0.0.202111181127/tools/bin/../lib/gcc/arm-none-eabi/10.3.1/../../../../arm-none-eabi/lib/thumb/v7e-m+dp/hard\libc_nano.a(lib_a-nano-reallocr.o)
                0x000000000800acd8                _realloc_r
 *fill*         0x000000000800ad36        0x2 
 .text._read_r  0x000000000800ad38       0x24 c:/st/stm32cubeide_1.10.1/stm32cubeide/plugins/com.st.stm32cube.ide.mcu.externaltools.gnu-tools-for-stm32.10.3-2021.10.win32_1.0.0.202111181127/tools/bin/../lib/gcc/arm-none-eabi/10.3.1/../../../../arm-none-eabi/lib/thumb/v7e-m+dp/hard\libc_nano.a(lib_a-readr.o)
                0x000000000800ad38                _read_r
 .text._malloc_usable_size_r
                0x000000000800ad5c       0x10 c:/st/stm32cubeide_1.10.1/stm32cubeide/plugins/com.st.stm32cube.ide.mcu.externaltools.gnu-tools-for-stm32.10.3-2021.10.win32_1.0.0.202111181127/tools/bin/../lib/gcc/arm-none-eabi/10.3.1/../../../../arm-none-eabi/lib/thumb/v7e-m+dp/hard\libc_nano.a(lib_a-nano-msizer.o)
                0x000000000800ad5c                _malloc_usable_size_r
 *(.glue_7)
 .glue_7        0x000000000800ad6c        0x0 linker stubs
 *(.glue_7t)
 .glue_7t       0x000000000800ad6c        0x0 linker stubs
 *(.eh_frame)
 .eh_frame      0x000000000800ad6c        0x0 c:/st/stm32cubeide_1.10.1/stm32cubeide/plugins/com.st.stm32cube.ide.mcu.externaltools.gnu-tools-for-stm32.10.3-2021.10.win32_1.0.0.202111181127/tools/bin/../lib/gcc/arm-none-eabi/10.3.1/thumb/v7e-m+dp/hard/crtbegin.o
 *(.init)
 .init          0x000000000800ad6c        0x4 c:/st/stm32cubeide_1.10.1/stm32cubeide/plugins/com.st.stm32cube.ide.mcu.externaltools.gnu-tools-for-stm32.10.3-2021.10.win32_1.0.0.202111181127/tools/bin/../lib/gcc/arm-none-eabi/10.3.1/thumb/v7e-m+dp/hard/crti.o
                0x000000000800ad6c                _init
 .init          0x000000000800ad70        0x8 c:/st/stm32cubeide_1.10.1/stm32cubeide/plugins/com.st.stm32cube.ide.mcu.externaltools.gnu-tools-for-stm32.10.3-2021.10.win32_1.0.0.202111181127/tools/bin/../lib/gcc/arm-none-eabi/10.3.1/thumb/v7e-m+dp/hard/crtn.o
 *(.fini)
 .fini          0x000000000800ad78        0x4 c:/st/stm32cubeide_1.10.1/stm32cubeide/plugins/com.st.stm32cube.ide.mcu.externaltools.gnu-tools-for-stm32.10.3-2021.10.win32_1.0.0.202111181127/tools/bin/../lib/gcc/arm-none-eabi/10.3.1/thumb/v7e-m+dp/hard/crti.o
                0x000000000800ad78                _fini
 .fini          0x000000000800ad7c        0x8 c:/st/stm32cubeide_1.10.1/stm32cubeide/plugins/com.st.stm32cube.ide.mcu.externaltools.gnu-tools-for-stm32.10.3-2021.10.win32_1.0.0.202111181127/tools/bin/../lib/gcc/arm-none-eabi/10.3.1/thumb/v7e-m+dp/hard/crtn.o
                0x000000000800ad84                . = ALIGN (0x4)
                0x000000000800ad84                _etext = .

.vfp11_veneer   0x000000000800ad84        0x0
 .vfp11_veneer  0x000000000800ad84        0x0 linker stubs

.v4_bx          0x000000000800ad84        0x0
 .v4_bx         0x000000000800ad84        0x0 linker stubs

.iplt           0x000000000800ad84        0x0
 .iplt          0x000000000800ad84        0x0 c:/st/stm32cubeide_1.10.1/stm32cubeide/plugins/com.st.stm32cube.ide.mcu.externaltools.gnu-tools-for-stm32.10.3-2021.10.win32_1.0.0.202111181127/tools/bin/../lib/gcc/arm-none-eabi/10.3.1/thumb/v7e-m+dp/hard/crtbegin.o

.rodata         0x000000000800ad84      0x7ac
                0x000000000800ad84                . = ALIGN (0x4)
 *(.rodata)
 .rodata        0x000000000800ad84      0x541 ./Core/Src/MY_NRF24.o
 *fill*         0x000000000800b2c5        0x3 
 .rodata        0x000000000800b2c8      0x13a ./Core/Src/main.o
 *fill*         0x000000000800b402        0x2 
 .rodata        0x000000000800b404       0x4c ./Drivers/STM32H7xx_HAL_Driver/stm32h7xx_hal_fdcan.o
 *(.rodata*)
 .rodata.D1CorePrescTable
                0x000000000800b450       0x10 ./Common/Src/system_stm32h7xx_dualcore_boot_cm4_cm7.o
                0x000000000800b450                D1CorePrescTable
 .rodata.NRF24_ADDR_REGS
                0x000000000800b460        0x7 ./Core/Src/MY_NRF24.o
 *fill*         0x000000000800b467        0x1 
 .rodata.RF24_RX_PW_PIPE
                0x000000000800b468        0x6 ./Core/Src/MY_NRF24.o
 *fill*         0x000000000800b46e        0x2 
 .rodata.UARTPrescTable
                0x000000000800b470       0x18 ./Drivers/STM32H7xx_HAL_Driver/stm32h7xx_hal_uart.o
                0x000000000800b470                UARTPrescTable
 .rodata.numerator.1
                0x000000000800b488        0x8 ./Drivers/STM32H7xx_HAL_Driver/stm32h7xx_hal_uart_ex.o
 .rodata.denominator.0
                0x000000000800b490        0x8 ./Drivers/STM32H7xx_HAL_Driver/stm32h7xx_hal_uart_ex.o
 .rodata._global_impure_ptr
                0x000000000800b498        0x4 c:/st/stm32cubeide_1.10.1/stm32cubeide/plugins/com.st.stm32cube.ide.mcu.externaltools.gnu-tools-for-stm32.10.3-2021.10.win32_1.0.0.202111181127/tools/bin/../lib/gcc/arm-none-eabi/10.3.1/../../../../arm-none-eabi/lib/thumb/v7e-m+dp/hard\libc_nano.a(lib_a-impure.o)
                0x000000000800b498                _global_impure_ptr
 .rodata.__sf_fake_stderr
                0x000000000800b49c       0x20 c:/st/stm32cubeide_1.10.1/stm32cubeide/plugins/com.st.stm32cube.ide.mcu.externaltools.gnu-tools-for-stm32.10.3-2021.10.win32_1.0.0.202111181127/tools/bin/../lib/gcc/arm-none-eabi/10.3.1/../../../../arm-none-eabi/lib/thumb/v7e-m+dp/hard\libc_nano.a(lib_a-findfp.o)
                0x000000000800b49c                __sf_fake_stderr
 .rodata.__sf_fake_stdin
                0x000000000800b4bc       0x20 c:/st/stm32cubeide_1.10.1/stm32cubeide/plugins/com.st.stm32cube.ide.mcu.externaltools.gnu-tools-for-stm32.10.3-2021.10.win32_1.0.0.202111181127/tools/bin/../lib/gcc/arm-none-eabi/10.3.1/../../../../arm-none-eabi/lib/thumb/v7e-m+dp/hard\libc_nano.a(lib_a-findfp.o)
                0x000000000800b4bc                __sf_fake_stdin
 .rodata.__sf_fake_stdout
                0x000000000800b4dc       0x20 c:/st/stm32cubeide_1.10.1/stm32cubeide/plugins/com.st.stm32cube.ide.mcu.externaltools.gnu-tools-for-stm32.10.3-2021.10.win32_1.0.0.202111181127/tools/bin/../lib/gcc/arm-none-eabi/10.3.1/../../../../arm-none-eabi/lib/thumb/v7e-m+dp/hard\libc_nano.a(lib_a-findfp.o)
                0x000000000800b4dc                __sf_fake_stdout
 .rodata._svfprintf_r.str1.1
                0x000000000800b4fc       0x11 c:/st/stm32cubeide_1.10.1/stm32cubeide/plugins/com.st.stm32cube.ide.mcu.externaltools.gnu-tools-for-stm32.10.3-2021.10.win32_1.0.0.202111181127/tools/bin/../lib/gcc/arm-none-eabi/10.3.1/../../../../arm-none-eabi/lib/thumb/v7e-m+dp/hard\libc_nano.a(lib_a-nano-svfprintf.o)
 .rodata._vfprintf_r.str1.1
                0x000000000800b50d       0x11 c:/st/stm32cubeide_1.10.1/stm32cubeide/plugins/com.st.stm32cube.ide.mcu.externaltools.gnu-tools-for-stm32.10.3-2021.10.win32_1.0.0.202111181127/tools/bin/../lib/gcc/arm-none-eabi/10.3.1/../../../../arm-none-eabi/lib/thumb/v7e-m+dp/hard\libc_nano.a(lib_a-nano-vfprintf.o)
 .rodata._printf_i.str1.1
                0x000000000800b50d       0x22 c:/st/stm32cubeide_1.10.1/stm32cubeide/plugins/com.st.stm32cube.ide.mcu.externaltools.gnu-tools-for-stm32.10.3-2021.10.win32_1.0.0.202111181127/tools/bin/../lib/gcc/arm-none-eabi/10.3.1/../../../../arm-none-eabi/lib/thumb/v7e-m+dp/hard\libc_nano.a(lib_a-nano-vfprintf_i.o)
                0x000000000800b530                . = ALIGN (0x4)
 *fill*         0x000000000800b52f        0x1 

.ARM.extab      0x000000000800b530        0x0
                0x000000000800b530                . = ALIGN (0x4)
 *(.ARM.extab* .gnu.linkonce.armextab.*)
                0x000000000800b530                . = ALIGN (0x4)

.ARM            0x000000000800b530        0x8
                0x000000000800b530                . = ALIGN (0x4)
                0x000000000800b530                __exidx_start = .
 *(.ARM.exidx*)
 .ARM.exidx     0x000000000800b530        0x8 c:/st/stm32cubeide_1.10.1/stm32cubeide/plugins/com.st.stm32cube.ide.mcu.externaltools.gnu-tools-for-stm32.10.3-2021.10.win32_1.0.0.202111181127/tools/bin/../lib/gcc/arm-none-eabi/10.3.1/thumb/v7e-m+dp/hard\libgcc.a(_udivmoddi4.o)
                0x000000000800b538                __exidx_end = .
                0x000000000800b538                . = ALIGN (0x4)

.rel.dyn        0x000000000800b538        0x0
 .rel.iplt      0x000000000800b538        0x0 c:/st/stm32cubeide_1.10.1/stm32cubeide/plugins/com.st.stm32cube.ide.mcu.externaltools.gnu-tools-for-stm32.10.3-2021.10.win32_1.0.0.202111181127/tools/bin/../lib/gcc/arm-none-eabi/10.3.1/thumb/v7e-m+dp/hard/crtbegin.o

.preinit_array  0x000000000800b538        0x0
                0x000000000800b538                . = ALIGN (0x4)
                0x000000000800b538                PROVIDE (__preinit_array_start = .)
 *(.preinit_array*)
                0x000000000800b538                PROVIDE (__preinit_array_end = .)
                0x000000000800b538                . = ALIGN (0x4)

.init_array     0x000000000800b538        0x4
                0x000000000800b538                . = ALIGN (0x4)
                0x000000000800b538                PROVIDE (__init_array_start = .)
 *(SORT_BY_NAME(.init_array.*))
 *(.init_array*)
 .init_array    0x000000000800b538        0x4 c:/st/stm32cubeide_1.10.1/stm32cubeide/plugins/com.st.stm32cube.ide.mcu.externaltools.gnu-tools-for-stm32.10.3-2021.10.win32_1.0.0.202111181127/tools/bin/../lib/gcc/arm-none-eabi/10.3.1/thumb/v7e-m+dp/hard/crtbegin.o
                0x000000000800b53c                PROVIDE (__init_array_end = .)
                0x000000000800b53c                . = ALIGN (0x4)

.fini_array     0x000000000800b53c        0x4
                0x000000000800b53c                . = ALIGN (0x4)
                [!provide]                        PROVIDE (__fini_array_start = .)
 *(SORT_BY_NAME(.fini_array.*))
 *(.fini_array*)
 .fini_array    0x000000000800b53c        0x4 c:/st/stm32cubeide_1.10.1/stm32cubeide/plugins/com.st.stm32cube.ide.mcu.externaltools.gnu-tools-for-stm32.10.3-2021.10.win32_1.0.0.202111181127/tools/bin/../lib/gcc/arm-none-eabi/10.3.1/thumb/v7e-m+dp/hard/crtbegin.o
                [!provide]                        PROVIDE (__fini_array_end = .)
                0x000000000800b540                . = ALIGN (0x4)
                0x000000000800b540                _sidata = LOADADDR (.data)

.data           0x0000000024000000       0x9c load address 0x000000000800b540
                0x0000000024000000                . = ALIGN (0x4)
                0x0000000024000000                _sdata = .
 *(.data)
 *(.data*)
 .data.SystemCoreClock
                0x0000000024000000        0x4 ./Common/Src/system_stm32h7xx_dualcore_boot_cm4_cm7.o
                0x0000000024000000                SystemCoreClock
 .data.SystemD2Clock
                0x0000000024000004        0x4 ./Common/Src/system_stm32h7xx_dualcore_boot_cm4_cm7.o
                0x0000000024000004                SystemD2Clock
 .data.RxpipeAddrs
                0x0000000024000008        0x8 ./Core/Src/main.o
                0x0000000024000008                RxpipeAddrs
 .data.myAckPayload
                0x0000000024000010       0x20 ./Core/Src/main.o
                0x0000000024000010                myAckPayload
 .data.uwTickPrio
                0x0000000024000030        0x4 ./Drivers/STM32H7xx_HAL_Driver/stm32h7xx_hal.o
                0x0000000024000030                uwTickPrio
 .data.uwTickFreq
                0x0000000024000034        0x1 ./Drivers/STM32H7xx_HAL_Driver/stm32h7xx_hal.o
                0x0000000024000034                uwTickFreq
 *fill*         0x0000000024000035        0x3 
 .data._impure_ptr
                0x0000000024000038        0x4 c:/st/stm32cubeide_1.10.1/stm32cubeide/plugins/com.st.stm32cube.ide.mcu.externaltools.gnu-tools-for-stm32.10.3-2021.10.win32_1.0.0.202111181127/tools/bin/../lib/gcc/arm-none-eabi/10.3.1/../../../../arm-none-eabi/lib/thumb/v7e-m+dp/hard\libc_nano.a(lib_a-impure.o)
                0x0000000024000038                _impure_ptr
 .data.impure_data
                0x000000002400003c       0x60 c:/st/stm32cubeide_1.10.1/stm32cubeide/plugins/com.st.stm32cube.ide.mcu.externaltools.gnu-tools-for-stm32.10.3-2021.10.win32_1.0.0.202111181127/tools/bin/../lib/gcc/arm-none-eabi/10.3.1/../../../../arm-none-eabi/lib/thumb/v7e-m+dp/hard\libc_nano.a(lib_a-impure.o)
 *(.RamFunc)
 *(.RamFunc*)
                0x000000002400009c                . = ALIGN (0x4)
                0x000000002400009c                _edata = .

.igot.plt       0x000000002400009c        0x0 load address 0x000000000800b5dc
 .igot.plt      0x000000002400009c        0x0 c:/st/stm32cubeide_1.10.1/stm32cubeide/plugins/com.st.stm32cube.ide.mcu.externaltools.gnu-tools-for-stm32.10.3-2021.10.win32_1.0.0.202111181127/tools/bin/../lib/gcc/arm-none-eabi/10.3.1/thumb/v7e-m+dp/hard/crtbegin.o
                0x000000002400009c                . = ALIGN (0x4)

.bss            0x00000000240000a0      0x450 load address 0x000000000800b5dc
                0x00000000240000a0                _sbss = .
                0x00000000240000a0                __bss_start__ = _sbss
 *(.bss)
 .bss           0x00000000240000a0       0x1c c:/st/stm32cubeide_1.10.1/stm32cubeide/plugins/com.st.stm32cube.ide.mcu.externaltools.gnu-tools-for-stm32.10.3-2021.10.win32_1.0.0.202111181127/tools/bin/../lib/gcc/arm-none-eabi/10.3.1/thumb/v7e-m+dp/hard/crtbegin.o
 *(.bss*)
 *fill*         0x00000000240000bc        0x4 
 .bss.pipe0_reading_address
                0x00000000240000c0        0x8 ./Core/Src/MY_NRF24.o
 .bss.payload_size
                0x00000000240000c8        0x1 ./Core/Src/MY_NRF24.o
 .bss.dynamic_payloads_enabled
                0x00000000240000c9        0x1 ./Core/Src/MY_NRF24.o
 .bss.wide_band
                0x00000000240000ca        0x1 ./Core/Src/MY_NRF24.o
 *fill*         0x00000000240000cb        0x1 
 .bss.nrf24_PORT
                0x00000000240000cc        0x4 ./Core/Src/MY_NRF24.o
 .bss.nrf24_CSN_PIN
                0x00000000240000d0        0x2 ./Core/Src/MY_NRF24.o
 .bss.nrf24_CE_PIN
                0x00000000240000d2        0x2 ./Core/Src/MY_NRF24.o
 .bss.nrf24_hspi
                0x00000000240000d4       0x88 ./Core/Src/MY_NRF24.o
 .bss.nrf24_huart
                0x000000002400015c       0x90 ./Core/Src/MY_NRF24.o
 .bss.hfdcan1   0x00000000240001ec       0xa0 ./Core/Src/main.o
                0x00000000240001ec                hfdcan1
 .bss.hspi5     0x000000002400028c       0x88 ./Core/Src/main.o
                0x000000002400028c                hspi5
 .bss.htim13    0x0000000024000314       0x4c ./Core/Src/main.o
                0x0000000024000314                htim13
 .bss.htim14    0x0000000024000360       0x4c ./Core/Src/main.o
                0x0000000024000360                htim14
 .bss.htim15    0x00000000240003ac       0x4c ./Core/Src/main.o
                0x00000000240003ac                htim15
 .bss.huart3    0x00000000240003f8       0x90 ./Core/Src/main.o
                0x00000000240003f8                huart3
 .bss.sFilterConfig
                0x0000000024000488       0x20 ./Core/Src/main.o
                0x0000000024000488                sFilterConfig
 .bss.TxHeader  0x00000000240004a8       0x24 ./Core/Src/main.o
                0x00000000240004a8                TxHeader
 .bss.buffer    0x00000000240004cc        0x6 ./Core/Src/main.o
                0x00000000240004cc                buffer
 .bss.varX      0x00000000240004d2        0x2 ./Core/Src/main.o
                0x00000000240004d2                varX
 .bss.varY      0x00000000240004d4        0x2 ./Core/Src/main.o
                0x00000000240004d4                varY
 .bss.varD      0x00000000240004d6        0x2 ./Core/Src/main.o
                0x00000000240004d6                varD
 .bss.__sbrk_heap_end
                0x00000000240004d8        0x4 ./Core/Src/sysmem.o
 .bss.uwTick    0x00000000240004dc        0x4 ./Drivers/STM32H7xx_HAL_Driver/stm32h7xx_hal.o
                0x00000000240004dc                uwTick
 .bss.__lock___malloc_recursive_mutex
                0x00000000240004e0        0x1 c:/st/stm32cubeide_1.10.1/stm32cubeide/plugins/com.st.stm32cube.ide.mcu.externaltools.gnu-tools-for-stm32.10.3-2021.10.win32_1.0.0.202111181127/tools/bin/../lib/gcc/arm-none-eabi/10.3.1/../../../../arm-none-eabi/lib/thumb/v7e-m+dp/hard\libc_nano.a(lib_a-lock.o)
                0x00000000240004e0                __lock___malloc_recursive_mutex
 .bss.__lock___sfp_recursive_mutex
                0x00000000240004e1        0x1 c:/st/stm32cubeide_1.10.1/stm32cubeide/plugins/com.st.stm32cube.ide.mcu.externaltools.gnu-tools-for-stm32.10.3-2021.10.win32_1.0.0.202111181127/tools/bin/../lib/gcc/arm-none-eabi/10.3.1/../../../../arm-none-eabi/lib/thumb/v7e-m+dp/hard\libc_nano.a(lib_a-lock.o)
                0x00000000240004e1                __lock___sfp_recursive_mutex
 .bss.__lock___sinit_recursive_mutex
                0x00000000240004e2        0x1 c:/st/stm32cubeide_1.10.1/stm32cubeide/plugins/com.st.stm32cube.ide.mcu.externaltools.gnu-tools-for-stm32.10.3-2021.10.win32_1.0.0.202111181127/tools/bin/../lib/gcc/arm-none-eabi/10.3.1/../../../../arm-none-eabi/lib/thumb/v7e-m+dp/hard\libc_nano.a(lib_a-lock.o)
                0x00000000240004e2                __lock___sinit_recursive_mutex
 *fill*         0x00000000240004e3        0x1 
 .bss.__malloc_free_list
                0x00000000240004e4        0x4 c:/st/stm32cubeide_1.10.1/stm32cubeide/plugins/com.st.stm32cube.ide.mcu.externaltools.gnu-tools-for-stm32.10.3-2021.10.win32_1.0.0.202111181127/tools/bin/../lib/gcc/arm-none-eabi/10.3.1/../../../../arm-none-eabi/lib/thumb/v7e-m+dp/hard\libc_nano.a(lib_a-nano-mallocr.o)
                0x00000000240004e4                __malloc_free_list
 .bss.__malloc_sbrk_start
                0x00000000240004e8        0x4 c:/st/stm32cubeide_1.10.1/stm32cubeide/plugins/com.st.stm32cube.ide.mcu.externaltools.gnu-tools-for-stm32.10.3-2021.10.win32_1.0.0.202111181127/tools/bin/../lib/gcc/arm-none-eabi/10.3.1/../../../../arm-none-eabi/lib/thumb/v7e-m+dp/hard\libc_nano.a(lib_a-nano-mallocr.o)
                0x00000000240004e8                __malloc_sbrk_start
 .bss.errno     0x00000000240004ec        0x4 c:/st/stm32cubeide_1.10.1/stm32cubeide/plugins/com.st.stm32cube.ide.mcu.externaltools.gnu-tools-for-stm32.10.3-2021.10.win32_1.0.0.202111181127/tools/bin/../lib/gcc/arm-none-eabi/10.3.1/../../../../arm-none-eabi/lib/thumb/v7e-m+dp/hard\libc_nano.a(lib_a-reent.o)
                0x00000000240004ec                errno
 *(COMMON)
                0x00000000240004f0                . = ALIGN (0x4)
                0x00000000240004f0                _ebss = .
                0x00000000240004f0                __bss_end__ = _ebss

._user_heap_stack
                0x00000000240004f0      0x600 load address 0x000000000800b5dc
                0x00000000240004f0                . = ALIGN (0x8)
                [!provide]                        PROVIDE (end = .)
                0x00000000240004f0                PROVIDE (_end = .)
                0x00000000240006f0                . = (. + _Min_Heap_Size)
 *fill*         0x00000000240004f0      0x200 
                0x0000000024000af0                . = (. + _Min_Stack_Size)
 *fill*         0x00000000240006f0      0x400 
                0x0000000024000af0                . = ALIGN (0x8)

/DISCARD/
 libc.a(*)
 libm.a(*)
 libgcc.a(*)

.ARM.attributes
                0x0000000000000000       0x2e
 *(.ARM.attributes)
 .ARM.attributes
                0x0000000000000000       0x1e c:/st/stm32cubeide_1.10.1/stm32cubeide/plugins/com.st.stm32cube.ide.mcu.externaltools.gnu-tools-for-stm32.10.3-2021.10.win32_1.0.0.202111181127/tools/bin/../lib/gcc/arm-none-eabi/10.3.1/thumb/v7e-m+dp/hard/crti.o
 .ARM.attributes
                0x000000000000001e       0x32 c:/st/stm32cubeide_1.10.1/stm32cubeide/plugins/com.st.stm32cube.ide.mcu.externaltools.gnu-tools-for-stm32.10.3-2021.10.win32_1.0.0.202111181127/tools/bin/../lib/gcc/arm-none-eabi/10.3.1/thumb/v7e-m+dp/hard/crtbegin.o
 .ARM.attributes
                0x0000000000000050       0x32 ./Common/Src/system_stm32h7xx_dualcore_boot_cm4_cm7.o
 .ARM.attributes
                0x0000000000000082       0x32 ./Core/Src/MY_NRF24.o
 .ARM.attributes
                0x00000000000000b4       0x32 ./Core/Src/main.o
 .ARM.attributes
                0x00000000000000e6       0x32 ./Core/Src/myprintf.o
 .ARM.attributes
                0x0000000000000118       0x32 ./Core/Src/stm32h7xx_hal_msp.o
 .ARM.attributes
                0x000000000000014a       0x32 ./Core/Src/stm32h7xx_it.o
 .ARM.attributes
                0x000000000000017c       0x32 ./Core/Src/syscalls.o
 .ARM.attributes
                0x00000000000001ae       0x32 ./Core/Src/sysmem.o
 .ARM.attributes
                0x00000000000001e0       0x21 ./Core/Startup/startup_stm32h755zitx.o
 .ARM.attributes
                0x0000000000000201       0x32 ./Drivers/STM32H7xx_HAL_Driver/stm32h7xx_hal.o
 .ARM.attributes
                0x0000000000000233       0x32 ./Drivers/STM32H7xx_HAL_Driver/stm32h7xx_hal_cortex.o
 .ARM.attributes
                0x0000000000000265       0x32 ./Drivers/STM32H7xx_HAL_Driver/stm32h7xx_hal_fdcan.o
 .ARM.attributes
                0x0000000000000297       0x32 ./Drivers/STM32H7xx_HAL_Driver/stm32h7xx_hal_gpio.o
 .ARM.attributes
                0x00000000000002c9       0x32 ./Drivers/STM32H7xx_HAL_Driver/stm32h7xx_hal_hsem.o
 .ARM.attributes
                0x00000000000002fb       0x32 ./Drivers/STM32H7xx_HAL_Driver/stm32h7xx_hal_pwr_ex.o
 .ARM.attributes
                0x000000000000032d       0x32 ./Drivers/STM32H7xx_HAL_Driver/stm32h7xx_hal_rcc.o
 .ARM.attributes
                0x000000000000035f       0x32 ./Drivers/STM32H7xx_HAL_Driver/stm32h7xx_hal_rcc_ex.o
 .ARM.attributes
                0x0000000000000391       0x32 ./Drivers/STM32H7xx_HAL_Driver/stm32h7xx_hal_spi.o
 .ARM.attributes
                0x00000000000003c3       0x32 ./Drivers/STM32H7xx_HAL_Driver/stm32h7xx_hal_tim.o
 .ARM.attributes
                0x00000000000003f5       0x32 ./Drivers/STM32H7xx_HAL_Driver/stm32h7xx_hal_tim_ex.o
 .ARM.attributes
                0x0000000000000427       0x32 ./Drivers/STM32H7xx_HAL_Driver/stm32h7xx_hal_uart.o
 .ARM.attributes
                0x0000000000000459       0x32 ./Drivers/STM32H7xx_HAL_Driver/stm32h7xx_hal_uart_ex.o
 .ARM.attributes
                0x000000000000048b       0x32 c:/st/stm32cubeide_1.10.1/stm32cubeide/plugins/com.st.stm32cube.ide.mcu.externaltools.gnu-tools-for-stm32.10.3-2021.10.win32_1.0.0.202111181127/tools/bin/../lib/gcc/arm-none-eabi/10.3.1/../../../../arm-none-eabi/lib/thumb/v7e-m+dp/hard\libc_nano.a(lib_a-errno.o)
 .ARM.attributes
                0x00000000000004bd       0x32 c:/st/stm32cubeide_1.10.1/stm32cubeide/plugins/com.st.stm32cube.ide.mcu.externaltools.gnu-tools-for-stm32.10.3-2021.10.win32_1.0.0.202111181127/tools/bin/../lib/gcc/arm-none-eabi/10.3.1/../../../../arm-none-eabi/lib/thumb/v7e-m+dp/hard\libc_nano.a(lib_a-impure.o)
 .ARM.attributes
                0x00000000000004ef       0x32 c:/st/stm32cubeide_1.10.1/stm32cubeide/plugins/com.st.stm32cube.ide.mcu.externaltools.gnu-tools-for-stm32.10.3-2021.10.win32_1.0.0.202111181127/tools/bin/../lib/gcc/arm-none-eabi/10.3.1/../../../../arm-none-eabi/lib/thumb/v7e-m+dp/hard\libc_nano.a(lib_a-init.o)
 .ARM.attributes
                0x0000000000000521       0x32 c:/st/stm32cubeide_1.10.1/stm32cubeide/plugins/com.st.stm32cube.ide.mcu.externaltools.gnu-tools-for-stm32.10.3-2021.10.win32_1.0.0.202111181127/tools/bin/../lib/gcc/arm-none-eabi/10.3.1/../../../../arm-none-eabi/lib/thumb/v7e-m+dp/hard\libc_nano.a(lib_a-memcpy-stub.o)
 .ARM.attributes
                0x0000000000000553       0x32 c:/st/stm32cubeide_1.10.1/stm32cubeide/plugins/com.st.stm32cube.ide.mcu.externaltools.gnu-tools-for-stm32.10.3-2021.10.win32_1.0.0.202111181127/tools/bin/../lib/gcc/arm-none-eabi/10.3.1/../../../../arm-none-eabi/lib/thumb/v7e-m+dp/hard\libc_nano.a(lib_a-memset.o)
 .ARM.attributes
                0x0000000000000585       0x32 c:/st/stm32cubeide_1.10.1/stm32cubeide/plugins/com.st.stm32cube.ide.mcu.externaltools.gnu-tools-for-stm32.10.3-2021.10.win32_1.0.0.202111181127/tools/bin/../lib/gcc/arm-none-eabi/10.3.1/../../../../arm-none-eabi/lib/thumb/v7e-m+dp/hard\libc_nano.a(lib_a-printf.o)
 .ARM.attributes
                0x00000000000005b7       0x32 c:/st/stm32cubeide_1.10.1/stm32cubeide/plugins/com.st.stm32cube.ide.mcu.externaltools.gnu-tools-for-stm32.10.3-2021.10.win32_1.0.0.202111181127/tools/bin/../lib/gcc/arm-none-eabi/10.3.1/../../../../arm-none-eabi/lib/thumb/v7e-m+dp/hard\libc_nano.a(lib_a-puts.o)
 .ARM.attributes
                0x00000000000005e9       0x32 c:/st/stm32cubeide_1.10.1/stm32cubeide/plugins/com.st.stm32cube.ide.mcu.externaltools.gnu-tools-for-stm32.10.3-2021.10.win32_1.0.0.202111181127/tools/bin/../lib/gcc/arm-none-eabi/10.3.1/../../../../arm-none-eabi/lib/thumb/v7e-m+dp/hard\libc_nano.a(lib_a-snprintf.o)
 .ARM.attributes
                0x000000000000061b       0x32 c:/st/stm32cubeide_1.10.1/stm32cubeide/plugins/com.st.stm32cube.ide.mcu.externaltools.gnu-tools-for-stm32.10.3-2021.10.win32_1.0.0.202111181127/tools/bin/../lib/gcc/arm-none-eabi/10.3.1/../../../../arm-none-eabi/lib/thumb/v7e-m+dp/hard\libc_nano.a(lib_a-sprintf.o)
 .ARM.attributes
                0x000000000000064d       0x17 c:/st/stm32cubeide_1.10.1/stm32cubeide/plugins/com.st.stm32cube.ide.mcu.externaltools.gnu-tools-for-stm32.10.3-2021.10.win32_1.0.0.202111181127/tools/bin/../lib/gcc/arm-none-eabi/10.3.1/../../../../arm-none-eabi/lib/thumb/v7e-m+dp/hard\libc_nano.a(lib_a-strlen.o)
 .ARM.attributes
                0x0000000000000664       0x32 c:/st/stm32cubeide_1.10.1/stm32cubeide/plugins/com.st.stm32cube.ide.mcu.externaltools.gnu-tools-for-stm32.10.3-2021.10.win32_1.0.0.202111181127/tools/bin/../lib/gcc/arm-none-eabi/10.3.1/../../../../arm-none-eabi/lib/thumb/v7e-m+dp/hard\libc_nano.a(lib_a-wbuf.o)
 .ARM.attributes
                0x0000000000000696       0x32 c:/st/stm32cubeide_1.10.1/stm32cubeide/plugins/com.st.stm32cube.ide.mcu.externaltools.gnu-tools-for-stm32.10.3-2021.10.win32_1.0.0.202111181127/tools/bin/../lib/gcc/arm-none-eabi/10.3.1/../../../../arm-none-eabi/lib/thumb/v7e-m+dp/hard\libc_nano.a(lib_a-wsetup.o)
 .ARM.attributes
                0x00000000000006c8       0x32 c:/st/stm32cubeide_1.10.1/stm32cubeide/plugins/com.st.stm32cube.ide.mcu.externaltools.gnu-tools-for-stm32.10.3-2021.10.win32_1.0.0.202111181127/tools/bin/../lib/gcc/arm-none-eabi/10.3.1/../../../../arm-none-eabi/lib/thumb/v7e-m+dp/hard\libc_nano.a(lib_a-fflush.o)
 .ARM.attributes
                0x00000000000006fa       0x32 c:/st/stm32cubeide_1.10.1/stm32cubeide/plugins/com.st.stm32cube.ide.mcu.externaltools.gnu-tools-for-stm32.10.3-2021.10.win32_1.0.0.202111181127/tools/bin/../lib/gcc/arm-none-eabi/10.3.1/../../../../arm-none-eabi/lib/thumb/v7e-m+dp/hard\libc_nano.a(lib_a-findfp.o)
 .ARM.attributes
                0x000000000000072c       0x32 c:/st/stm32cubeide_1.10.1/stm32cubeide/plugins/com.st.stm32cube.ide.mcu.externaltools.gnu-tools-for-stm32.10.3-2021.10.win32_1.0.0.202111181127/tools/bin/../lib/gcc/arm-none-eabi/10.3.1/../../../../arm-none-eabi/lib/thumb/v7e-m+dp/hard\libc_nano.a(lib_a-fwalk.o)
 .ARM.attributes
                0x000000000000075e       0x32 c:/st/stm32cubeide_1.10.1/stm32cubeide/plugins/com.st.stm32cube.ide.mcu.externaltools.gnu-tools-for-stm32.10.3-2021.10.win32_1.0.0.202111181127/tools/bin/../lib/gcc/arm-none-eabi/10.3.1/../../../../arm-none-eabi/lib/thumb/v7e-m+dp/hard\libc_nano.a(lib_a-lock.o)
 .ARM.attributes
                0x0000000000000790       0x32 c:/st/stm32cubeide_1.10.1/stm32cubeide/plugins/com.st.stm32cube.ide.mcu.externaltools.gnu-tools-for-stm32.10.3-2021.10.win32_1.0.0.202111181127/tools/bin/../lib/gcc/arm-none-eabi/10.3.1/../../../../arm-none-eabi/lib/thumb/v7e-m+dp/hard\libc_nano.a(lib_a-makebuf.o)
 .ARM.attributes
                0x00000000000007c2       0x32 c:/st/stm32cubeide_1.10.1/stm32cubeide/plugins/com.st.stm32cube.ide.mcu.externaltools.gnu-tools-for-stm32.10.3-2021.10.win32_1.0.0.202111181127/tools/bin/../lib/gcc/arm-none-eabi/10.3.1/../../../../arm-none-eabi/lib/thumb/v7e-m+dp/hard\libc_nano.a(lib_a-nano-freer.o)
 .ARM.attributes
                0x00000000000007f4       0x32 c:/st/stm32cubeide_1.10.1/stm32cubeide/plugins/com.st.stm32cube.ide.mcu.externaltools.gnu-tools-for-stm32.10.3-2021.10.win32_1.0.0.202111181127/tools/bin/../lib/gcc/arm-none-eabi/10.3.1/../../../../arm-none-eabi/lib/thumb/v7e-m+dp/hard\libc_nano.a(lib_a-nano-mallocr.o)
 .ARM.attributes
                0x0000000000000826       0x32 c:/st/stm32cubeide_1.10.1/stm32cubeide/plugins/com.st.stm32cube.ide.mcu.externaltools.gnu-tools-for-stm32.10.3-2021.10.win32_1.0.0.202111181127/tools/bin/../lib/gcc/arm-none-eabi/10.3.1/../../../../arm-none-eabi/lib/thumb/v7e-m+dp/hard\libc_nano.a(lib_a-nano-svfprintf.o)
 .ARM.attributes